Archive member included to satisfy reference by file (symbol)

C:/Users/aehar/Desktop/projects/VSC_Projects/SwiTAS/sysmodule_application/saltynx_motion_plugin/lib/libnx_min/nx/lib\libnx_min.a(switch_crt0.o)
                              (_start)
C:/Users/aehar/Desktop/projects/VSC_Projects/SwiTAS/sysmodule_application/saltynx_motion_plugin/lib/libnx_min/nx/lib\libnx_min.a(exception.o)
                              C:/Users/aehar/Desktop/projects/VSC_Projects/SwiTAS/sysmodule_application/saltynx_motion_plugin/lib/libnx_min/nx/lib\libnx_min.a(switch_crt0.o) (__libnx_exception_entry)
C:/Users/aehar/Desktop/projects/VSC_Projects/SwiTAS/sysmodule_application/saltynx_motion_plugin/lib/libnx_min/nx/lib\libnx_min.a(argv.o)
                              C:/Users/aehar/Desktop/projects/VSC_Projects/SwiTAS/sysmodule_application/saltynx_motion_plugin/lib/libnx_min/nx/lib\libnx_min.a(switch_crt0.o) (__system_argv)
C:/Users/aehar/Desktop/projects/VSC_Projects/SwiTAS/sysmodule_application/saltynx_motion_plugin/lib/libnx_min/nx/lib\libnx_min.a(env.o)
                              C:/Users/aehar/Desktop/projects/VSC_Projects/SwiTAS/sysmodule_application/saltynx_motion_plugin/lib/libnx_min/nx/lib\libnx_min.a(argv.o) (envIsNso)
C:/Users/aehar/Desktop/projects/VSC_Projects/SwiTAS/sysmodule_application/saltynx_motion_plugin/lib/libnx_min/nx/lib\libnx_min.a(init.o)
                              C:/Users/aehar/Desktop/projects/VSC_Projects/SwiTAS/sysmodule_application/saltynx_motion_plugin/lib/libnx_min/nx/lib\libnx_min.a(exception.o) (__nx_exceptiondump)
C:/Users/aehar/Desktop/projects/VSC_Projects/SwiTAS/sysmodule_application/saltynx_motion_plugin/lib/libnx_min/nx/lib\libnx_min.a(hosversion.o)
                              C:/Users/aehar/Desktop/projects/VSC_Projects/SwiTAS/sysmodule_application/saltynx_motion_plugin/lib/libnx_min/nx/lib\libnx_min.a(init.o) (hosversionSet)
C:/Users/aehar/Desktop/projects/VSC_Projects/SwiTAS/sysmodule_application/saltynx_motion_plugin/lib/libnx_min/nx/lib\libnx_min.a(dynamic.o)
                              C:/Users/aehar/Desktop/projects/VSC_Projects/SwiTAS/sysmodule_application/saltynx_motion_plugin/lib/libnx_min/nx/lib\libnx_min.a(switch_crt0.o) (__nx_dynamic)
C:/Users/aehar/Desktop/projects/VSC_Projects/SwiTAS/sysmodule_application/saltynx_motion_plugin/lib/libnx_min/nx/lib\libnx_min.a(fs_dev.o)
                              C:/Users/aehar/Desktop/projects/VSC_Projects/SwiTAS/sysmodule_application/saltynx_motion_plugin/lib/libnx_min/nx/lib\libnx_min.a(init.o) (fsdevMountSdmc)
C:/Users/aehar/Desktop/projects/VSC_Projects/SwiTAS/sysmodule_application/saltynx_motion_plugin/lib/libnx_min/nx/lib\libnx_min.a(decode_utf8.o)
                              C:/Users/aehar/Desktop/projects/VSC_Projects/SwiTAS/sysmodule_application/saltynx_motion_plugin/lib/libnx_min/nx/lib\libnx_min.a(fs_dev.o) (decode_utf8)
C:/Users/aehar/Desktop/projects/VSC_Projects/SwiTAS/sysmodule_application/saltynx_motion_plugin/lib/libnx_min/nx/lib\libnx_min.a(svc.o)
                              C:/Users/aehar/Desktop/projects/VSC_Projects/SwiTAS/sysmodule_application/saltynx_motion_plugin/lib/libnx_min/nx/lib\libnx_min.a(init.o) (svcSetHeapSize)
C:/Users/aehar/Desktop/projects/VSC_Projects/SwiTAS/sysmodule_application/saltynx_motion_plugin/lib/libnx_min/nx/lib\libnx_min.a(readtp.o)
                              C:/Users/aehar/Desktop/projects/VSC_Projects/SwiTAS/sysmodule_application/saltynx_motion_plugin/lib/libnx_min/nx/lib\libnx_min.a(fs_dev.o) (__aarch64_read_tp)
C:/Users/aehar/Desktop/projects/VSC_Projects/SwiTAS/sysmodule_application/saltynx_motion_plugin/lib/libnx_min/nx/lib\libnx_min.a(virtmem.o)
                              C:/Users/aehar/Desktop/projects/VSC_Projects/SwiTAS/sysmodule_application/saltynx_motion_plugin/lib/libnx_min/nx/lib\libnx_min.a(init.o) (virtmemSetup)
C:/Users/aehar/Desktop/projects/VSC_Projects/SwiTAS/sysmodule_application/saltynx_motion_plugin/lib/libnx_min/nx/lib\libnx_min.a(mutex.o)
                              C:/Users/aehar/Desktop/projects/VSC_Projects/SwiTAS/sysmodule_application/saltynx_motion_plugin/lib/libnx_min/nx/lib\libnx_min.a(virtmem.o) (mutexLock)
C:/Users/aehar/Desktop/projects/VSC_Projects/SwiTAS/sysmodule_application/saltynx_motion_plugin/lib/libnx_min/nx/lib\libnx_min.a(fs.o)
                              C:/Users/aehar/Desktop/projects/VSC_Projects/SwiTAS/sysmodule_application/saltynx_motion_plugin/lib/libnx_min/nx/lib\libnx_min.a(init.o) (fsInitialize)
C:/Users/aehar/Desktop/projects/VSC_Projects/SwiTAS/sysmodule_application/saltynx_motion_plugin/lib/libnx_min/nx/lib\libnx_min.a(set.o)
                              C:/Users/aehar/Desktop/projects/VSC_Projects/SwiTAS/sysmodule_application/saltynx_motion_plugin/lib/libnx_min/nx/lib\libnx_min.a(init.o) (setsysInitialize)
C:/Users/aehar/Desktop/projects/VSC_Projects/SwiTAS/sysmodule_application/saltynx_motion_plugin/lib/libnx_min/nx/lib\libnx_min.a(fatal.o)
[...]
Memory Configuration

Name             Origin             Length             Attributes
*default*        0x0000000000000000 0xffffffffffffffff

Linker script and memory map

                0x0000000000000000                PROVIDE (__start__ = 0x0)
                0x0000000000000000                . = __start__

.crt0           0x0000000000000000      0x158
 *(.crt0)
 .crt0          0x0000000000000000      0x158 C:/Users/aehar/Desktop/projects/VSC_Projects/SwiTAS/sysmodule_application/saltynx_motion_plugin/lib/libnx_min/nx/lib\libnx_min.a(switch_crt0.o)
                0x0000000000000000                _start
                0x0000000000000120                __nx_exit
                0x0000000000000130                __nx_mod0
                0x0000000000000158                . = ALIGN (0x8)

.init           0x0000000000000158       0x38
 *(.init)
 .init          0x0000000000000158       0x18 c:/msys2/opt/devkitpro/devkita64/bin/../lib/gcc/aarch64-none-elf/9.2.0/pic/crti.o
                0x0000000000000158                _init
 .init          0x0000000000000170       0x1c c:/msys2/opt/devkitpro/devkita64/bin/../lib/gcc/aarch64-none-elf/9.2.0/pic/crtn.o
                0x0000000000000190                . = ALIGN (0x8)
 *fill*         0x000000000000018c        0x4 

.plt            0x0000000000000190       0x30
 *(.plt)
 .plt           0x0000000000000190       0x30 c:/msys2/opt/devkitpro/devkita64/bin/../lib/gcc/aarch64-none-elf/9.2.0/pic/crti.o
 *(.iplt)
                0x00000000000001c0                . = ALIGN (0x8)

.text           0x00000000000001c0     0xa350
 *(.text.unlikely .text.*_unlikely .text.unlikely.*)
 .text.unlikely._ZSt17__throw_bad_allocv
                0x00000000000001c0       0x34 c:/msys2/opt/devkitpro/devkita64/bin/../lib/gcc/aarch64-none-elf/9.2.0/../../../../aarch64-none-elf/lib/pic\libstdc++.a(functexcept.o)
                0x00000000000001c0                std::__throw_bad_alloc()
 .text.unlikely._ZSt19__throw_logic_errorPKc
                0x00000000000001f4       0x54 c:/msys2/opt/devkitpro/devkita64/bin/../lib/gcc/aarch64-none-elf/9.2.0/../../../../aarch64-none-elf/lib/pic\libstdc++.a(functexcept.o)
                0x00000000000001f4                std::__throw_logic_error(char const*)
 .text.unlikely._ZSt20__throw_length_errorPKc
                0x0000000000000248       0x54 c:/msys2/opt/devkitpro/devkita64/bin/../lib/gcc/aarch64-none-elf/9.2.0/../../../../aarch64-none-elf/lib/pic\libstdc++.a(functexcept.o)
                0x0000000000000248                std::__throw_length_error(char const*)
 .text.unlikely._ZN9__gnu_cxx30__throw_concurrence_lock_errorEv
                0x000000000000029c       0x34 c:/msys2/opt/devkitpro/devkita64/bin/../lib/gcc/aarch64-none-elf/9.2.0/../../../../aarch64-none-elf/lib/pic\libstdc++.a(eh_alloc.o)
                0x000000000000029c                __gnu_cxx::__throw_concurrence_lock_error()
 *(.text.exit .text.exit.*)
 .text.exit     0x00000000000002d0       0x38 c:/msys2/opt/devkitpro/devkita64/bin/../lib/gcc/aarch64-none-elf/9.2.0/../../../../aarch64-none-elf/lib/pic\libg.a(lib_a-exit.o)
                0x00000000000002d0                exit
 *(.text.startup .text.startup.*)
 *fill*         0x0000000000000308        0x8 
 .text.startup  0x0000000000000310      0x324 main.o
                0x0000000000000310                main
 *fill*         0x0000000000000634        0x4 
 .text.startup._GLOBAL__sub_I_eh_globals.cc
                0x0000000000000638       0x54 c:/msys2/opt/devkitpro/devkita64/bin/../lib/gcc/aarch64-none-elf/9.2.0/../../../../aarch64-none-elf/lib/pic\libstdc++.a(eh_globals.o)
 *fill*         0x000000000000068c        0x4 
 .text.startup._GLOBAL__sub_I_eh_alloc.cc
                0x0000000000000690       0x54 c:/msys2/opt/devkitpro/devkita64/bin/../lib/gcc/aarch64-none-elf/9.2.0/../../../../aarch64-none-elf/lib/pic\libstdc++.a(eh_alloc.o)
 *(.text.hot .text.hot.*)
 *(.text .stub .text.* .gnu.linkonce.t.*)
 *fill*         0x00000000000006e4        0x4 
 .text.deregister_tm_clones
                0x00000000000006e8       0x30 c:/msys2/opt/devkitpro/devkita64/bin/../lib/gcc/aarch64-none-elf/9.2.0/pic/crtbegin.o
 .text.register_tm_clones
                0x0000000000000718       0x40 c:/msys2/opt/devkitpro/devkita64/bin/../lib/gcc/aarch64-none-elf/9.2.0/pic/crtbegin.o
 .text.__do_global_dtors_aux
                0x0000000000000758       0x48 c:/msys2/opt/devkitpro/devkita64/bin/../lib/gcc/aarch64-none-elf/9.2.0/pic/crtbegin.o
 .text.frame_dummy
                0x00000000000007a0       0x34 c:/msys2/opt/devkitpro/devkita64/bin/../lib/gcc/aarch64-none-elf/9.2.0/pic/crtbegin.o
 *fill*         0x00000000000007d4        0xc 
 .text          0x00000000000007e0     0x19e0 main.o
                0x00000000000008c0                InitializeConsoleSixAxisSensor()
                0x00000000000009c0                ResetSixAxisSensorFusionParameters(unsigned int*)
                0x0000000000000ac0                StopSixAxisSensor1(unsigned int*)
                0x0000000000000bb0                StartSixAxisSensor1(unsigned int*)
                0x0000000000000ca0                StartSixAxisSensor2(unsigned int*)
                0x0000000000000d90                GetSixAxisSensorHandle1(unsigned int*)
                0x0000000000000e80                StopSixAxisSensor2(unsigned int*)
                0x0000000000000f70                EnableSixAxisSensorFusion(unsigned int*, bool)
                0x0000000000001060                GetSixAxisSensorHandle2(unsigned int*, unsigned int)
                0x0000000000001190                IsSixAxisSensorAtRest(unsigned int*)
                0x0000000000001280                IsSixAxisSensorFusionEnabled(unsigned int*)
                0x0000000000001370                SetSixAxisSensorFusionParameters(unsigned int*, float, float)
                0x0000000000001470                GetSixAxisSensorHandles1(unsigned int*, unsigned int*, unsigned int)
                0x0000000000001560                GetSixAxisSensorFusionParameters(float*, float*, unsigned int*)
                0x0000000000001650                GetSixAxisSensorStates1(nn::hid::SixAxisSensorState*, int, unsigned int*)
                0x0000000000001740                GetSixAxisSensorState(nn::hid::SixAxisSensorState*, unsigned int*)
                0x0000000000001ad0                GetSixAxisSensorHandles2(unsigned int*, int, nn::hid::NpadIdType, unsigned int)
                0x0000000000001cd0                GetSixAxisSensorStates2(nn::hid::SixAxisSensorState*, int, unsigned int*)
                0x0000000000002060                writeToFile(std::__cxx11::basic_string<char, std::char_traits<char>, std::allocator<char> >)
                0x0000000000002080                __libnx_init
                0x00000000000020d0                __libnx_exit
                0x00000000000021a0                fixState(nn::hid::SixAxisSensorState&, nn::hid::SixAxisSensorState&)
 .text.__libnx_exception_entry
                0x00000000000021c0      0x1c0 C:/Users/aehar/Desktop/projects/VSC_Projects/SwiTAS/sysmodule_application/saltynx_motion_plugin/lib/libnx_min/nx/lib\libnx_min.a(exception.o)
                0x00000000000021c0                __libnx_exception_entry
 .text.__libnx_exception_returnentry
                0x0000000000002380       0x18 C:/Users/aehar/Desktop/projects/VSC_Projects/SwiTAS/sysmodule_application/saltynx_motion_plugin/lib/libnx_min/nx/lib\libnx_min.a(exception.o)
                0x0000000000002380                __libnx_exception_returnentry
 *fill*         0x0000000000002398        0x8 
 .text.__nx_dynamic
                0x00000000000023a0       0xa0 C:/Users/aehar/Desktop/projects/VSC_Projects/SwiTAS/sysmodule_application/saltynx_motion_plugin/lib/libnx_min/nx/lib\libnx_min.a(dynamic.o)
                0x00000000000023a0                __nx_dynamic
 .text.svcExitProcess
                0x0000000000002440        0x8 C:/Users/aehar/Desktop/projects/VSC_Projects/SwiTAS/sysmodule_application/saltynx_motion_plugin/lib/libnx_min/nx/lib\libnx_min.a(svc.o)
                0x0000000000002440                svcExitProcess
 .text.svcSleepThread
                0x0000000000002448        0x8 C:/Users/aehar/Desktop/projects/VSC_Projects/SwiTAS/sysmodule_application/saltynx_motion_plugin/lib/libnx_min/nx/lib\libnx_min.a(svc.o)
                0x0000000000002448                svcSleepThread
 .text.svcCloseHandle
                0x0000000000002450        0x8 C:/Users/aehar/Desktop/projects/VSC_Projects/SwiTAS/sysmodule_application/saltynx_motion_plugin/lib/libnx_min/nx/lib\libnx_min.a(svc.o)
                0x0000000000002450                svcCloseHandle
 .text.svcArbitrateLock
                0x0000000000002458        0x8 C:/Users/aehar/Desktop/projects/VSC_Projects/SwiTAS/sysmodule_application/saltynx_motion_plugin/lib/libnx_min/nx/lib\libnx_min.a(svc.o)
                0x0000000000002458                svcArbitrateLock
 .text.svcArbitrateUnlock
                0x0000000000002460        0x8 C:/Users/aehar/Desktop/projects/VSC_Projects/SwiTAS/sysmodule_application/saltynx_motion_plugin/lib/libnx_min/nx/lib\libnx_min.a(svc.o)
                0x0000000000002460                svcArbitrateUnlock
 .text.svcWaitProcessWideKeyAtomic
                0x0000000000002468        0x8 C:/Users/aehar/Desktop/projects/VSC_Projects/SwiTAS/sysmodule_application/saltynx_motion_plugin/lib/libnx_min/nx/lib\libnx_min.a(svc.o)
                0x0000000000002468                svcWaitProcessWideKeyAtomic
 .text.svcSignalProcessWideKey
                0x0000000000002470        0x8 C:/Users/aehar/Desktop/projects/VSC_Projects/SwiTAS/sysmodule_application/saltynx_motion_plugin/lib/libnx_min/nx/lib\libnx_min.a(svc.o)
                0x0000000000002470                svcSignalProcessWideKey
 .text.svcConnectToNamedPort
                0x0000000000002478       0x14 C:/Users/aehar/Desktop/projects/VSC_Projects/SwiTAS/sysmodule_application/saltynx_motion_plugin/lib/libnx_min/nx/lib\libnx_min.a(svc.o)
                0x0000000000002478                svcConnectToNamedPort
 .text.svcSendSyncRequest
                0x000000000000248c        0x8 C:/Users/aehar/Desktop/projects/VSC_Projects/SwiTAS/sysmodule_application/saltynx_motion_plugin/lib/libnx_min/nx/lib\libnx_min.a(svc.o)
                0x000000000000248c                svcSendSyncRequest
 .text.svcBreak
                0x0000000000002494        0x8 C:/Users/aehar/Desktop/projects/VSC_Projects/SwiTAS/sysmodule_application/saltynx_motion_plugin/lib/libnx_min/nx/lib\libnx_min.a(svc.o)
                0x0000000000002494                svcBreak
 .text.svcReturnFromException
                0x000000000000249c        0x8 C:/Users/aehar/Desktop/projects/VSC_Projects/SwiTAS/sysmodule_application/saltynx_motion_plugin/lib/libnx_min/nx/lib\libnx_min.a(svc.o)
                0x000000000000249c                svcReturnFromException
 .text.svcGetInfo
                0x00000000000024a4       0x14 C:/Users/aehar/Desktop/projects/VSC_Projects/SwiTAS/sysmodule_application/saltynx_motion_plugin/lib/libnx_min/nx/lib\libnx_min.a(svc.o)
                0x00000000000024a4                svcGetInfo
 *fill*         0x00000000000024b8        0x8 
 .text.mutexLock
                0x00000000000024c0       0x8c C:/Users/aehar/Desktop/projects/VSC_Projects/SwiTAS/sysmodule_application/saltynx_motion_plugin/lib/libnx_min/nx/lib\libnx_min.a(mutex.o)
                0x00000000000024c0                mutexLock
 *fill*         0x000000000000254c        0x4 
 .text.mutexUnlock
                0x0000000000002550       0x30 C:/Users/aehar/Desktop/projects/VSC_Projects/SwiTAS/sysmodule_application/saltynx_motion_plugin/lib/libnx_min/nx/lib\libnx_min.a(mutex.o)
                0x0000000000002550                mutexUnlock
 .text.rmutexLock
                0x0000000000002580       0x4c C:/Users/aehar/Desktop/projects/VSC_Projects/SwiTAS/sysmodule_application/saltynx_motion_plugin/lib/libnx_min/nx/lib\libnx_min.a(mutex.o)
                0x0000000000002580                rmutexLock
 *fill*         0x00000000000025cc        0x4 
 .text.rmutexUnlock
                0x00000000000025d0       0x1c C:/Users/aehar/Desktop/projects/VSC_Projects/SwiTAS/sysmodule_application/saltynx_motion_plugin/lib/libnx_min/nx/lib\libnx_min.a(mutex.o)
                0x00000000000025d0                rmutexUnlock
 *fill*         0x00000000000025ec        0x4 
 .text._fatalImpl
                0x00000000000025f0      0x140 C:/Users/aehar/Desktop/projects/VSC_Projects/SwiTAS/sysmodule_application/saltynx_motion_plugin/lib/libnx_min/nx/lib\libnx_min.a(fatal.o)
 .text.fatalWithType
                0x0000000000002730       0x14 C:/Users/aehar/Desktop/projects/VSC_Projects/SwiTAS/sysmodule_application/saltynx_motion_plugin/lib/libnx_min/nx/lib\libnx_min.a(fatal.o)
                0x0000000000002730                fatalWithType
 *fill*         0x0000000000002744        0xc 
 .text.fatalSimple
                0x0000000000002750       0x14 C:/Users/aehar/Desktop/projects/VSC_Projects/SwiTAS/sysmodule_application/saltynx_motion_plugin/lib/libnx_min/nx/lib\libnx_min.a(fatal.o)
                0x0000000000002750                fatalSimple
 *fill*         0x0000000000002764        0xc 
 .text.ipcCloseObjectById
                0x0000000000002770       0x34 C:/Users/aehar/Desktop/projects/VSC_Projects/SwiTAS/sysmodule_application/saltynx_motion_plugin/lib/libnx_min/nx/lib\libnx_min.a(sm.o)
 *fill*         0x00000000000027a4        0xc 
 .text.smHasInitialized
                0x00000000000027b0       0x14 C:/Users/aehar/Desktop/projects/VSC_Projects/SwiTAS/sysmodule_application/saltynx_motion_plugin/lib/libnx_min/nx/lib\libnx_min.a(sm.o)
                0x00000000000027b0                smHasInitialized
 *fill*         0x00000000000027c4        0xc 
 .text.smExit   0x00000000000027d0       0x9c C:/Users/aehar/Desktop/projects/VSC_Projects/SwiTAS/sysmodule_application/saltynx_motion_plugin/lib/libnx_min/nx/lib\libnx_min.a(sm.o)
                0x00000000000027d0                smExit
 *fill*         0x000000000000286c        0x4 
 .text.smEncodeName
                0x0000000000002870       0x38 C:/Users/aehar/Desktop/projects/VSC_Projects/SwiTAS/sysmodule_application/saltynx_motion_plugin/lib/libnx_min/nx/lib\libnx_min.a(sm.o)
                0x0000000000002870                smEncodeName
 *fill*         0x00000000000028a8        0x8 
 .text.smGetServiceOriginal
                0x00000000000028b0      0x22c C:/Users/aehar/Desktop/projects/VSC_Projects/SwiTAS/sysmodule_application/saltynx_motion_plugin/lib/libnx_min/nx/lib\libnx_min.a(sm.o)
                0x00000000000028b0                smGetServiceOriginal
 *fill*         0x0000000000002adc        0x4 
 .text.smInitialize
                0x0000000000002ae0      0x27c C:/Users/aehar/Desktop/projects/VSC_Projects/SwiTAS/sysmodule_application/saltynx_motion_plugin/lib/libnx_min/nx/lib\libnx_min.a(sm.o)
                0x0000000000002ae0                smInitialize
 *fill*         0x0000000000002d5c        0x4 
 .text.__syscall_exit
                0x0000000000002d60       0x1c C:/Users/aehar/Desktop/projects/VSC_Projects/SwiTAS/sysmodule_application/saltynx_motion_plugin/lib/libnx_min/nx/lib\libnx_min.a(newlib.o)
                0x0000000000002d60                __syscall_exit
 *fill*         0x0000000000002d7c        0x4 
 .text.__syscall_getreent
                0x0000000000002d80       0x10 C:/Users/aehar/Desktop/projects/VSC_Projects/SwiTAS/sysmodule_application/saltynx_motion_plugin/lib/libnx_min/nx/lib\libnx_min.a(newlib.o)
                0x0000000000002d80                __syscall_getreent
 .text.__syscall_lock_acquire
                0x0000000000002d90        0x4 C:/Users/aehar/Desktop/projects/VSC_Projects/SwiTAS/sysmodule_application/saltynx_motion_plugin/lib/libnx_min/nx/lib\libnx_min.a(newlib.o)
                0x0000000000002d90                __syscall_lock_acquire
 *fill*         0x0000000000002d94        0xc 
 .text.__syscall_lock_release
                0x0000000000002da0        0x4 C:/Users/aehar/Desktop/projects/VSC_Projects/SwiTAS/sysmodule_application/saltynx_motion_plugin/lib/libnx_min/nx/lib\libnx_min.a(newlib.o)
                0x0000000000002da0                __syscall_lock_release
 *fill*         0x0000000000002da4        0xc 
 .text.__syscall_lock_acquire_recursive
                0x0000000000002db0        0x4 C:/Users/aehar/Desktop/projects/VSC_Projects/SwiTAS/sysmodule_application/saltynx_motion_plugin/lib/libnx_min/nx/lib\libnx_min.a(newlib.o)
                0x0000000000002db0                __syscall_lock_acquire_recursive
 *fill*         0x0000000000002db4        0xc 
 .text.__syscall_lock_release_recursive
                0x0000000000002dc0        0x4 C:/Users/aehar/Desktop/projects/VSC_Projects/SwiTAS/sysmodule_application/saltynx_motion_plugin/lib/libnx_min/nx/lib\libnx_min.a(newlib.o)
                0x0000000000002dc0                __syscall_lock_release_recursive
 *fill*         0x0000000000002dc4        0xc 
 .text.__syscall_cond_broadcast
                0x0000000000002dd0       0x40 C:/Users/aehar/Desktop/projects/VSC_Projects/SwiTAS/sysmodule_application/saltynx_motion_plugin/lib/libnx_min/nx/lib\libnx_min.a(newlib.o)
                0x0000000000002dd0                __syscall_cond_broadcast
 .text.__syscall_cond_wait
                0x0000000000002e10       0x3c C:/Users/aehar/Desktop/projects/VSC_Projects/SwiTAS/sysmodule_application/saltynx_motion_plugin/lib/libnx_min/nx/lib\libnx_min.a(newlib.o)
                0x0000000000002e10                __syscall_cond_wait
 *fill*         0x0000000000002e4c        0x4 
 .text.__syscall_tls_create
                0x0000000000002e50       0x44 C:/Users/aehar/Desktop/projects/VSC_Projects/SwiTAS/sysmodule_application/saltynx_motion_plugin/lib/libnx_min/nx/lib\libnx_min.a(newlib.o)
                0x0000000000002e50                __syscall_tls_create
 *fill*         0x0000000000002e94        0xc 
 .text.__syscall_tls_set
                0x0000000000002ea0       0x18 C:/Users/aehar/Desktop/projects/VSC_Projects/SwiTAS/sysmodule_application/saltynx_motion_plugin/lib/libnx_min/nx/lib\libnx_min.a(newlib.o)
                0x0000000000002ea0                __syscall_tls_set
 *fill*         0x0000000000002eb8        0x8 
 .text.__syscall_tls_get
                0x0000000000002ec0        0x4 C:/Users/aehar/Desktop/projects/VSC_Projects/SwiTAS/sysmodule_application/saltynx_motion_plugin/lib/libnx_min/nx/lib\libnx_min.a(newlib.o)
                0x0000000000002ec0                __syscall_tls_get
 *fill*         0x0000000000002ec4        0xc 
 .text.__syscall_tls_delete
                0x0000000000002ed0       0x18 C:/Users/aehar/Desktop/projects/VSC_Projects/SwiTAS/sysmodule_application/saltynx_motion_plugin/lib/libnx_min/nx/lib\libnx_min.a(newlib.o)
                0x0000000000002ed0                __syscall_tls_delete
 *fill*         0x0000000000002ee8        0x8 
 .text.threadTlsGet
                0x0000000000002ef0       0x10 C:/Users/aehar/Desktop/projects/VSC_Projects/SwiTAS/sysmodule_application/saltynx_motion_plugin/lib/libnx_min/nx/lib\libnx_min.a(thread.o)
                0x0000000000002ef0                threadTlsGet
 .text.threadTlsSet
                0x0000000000002f00       0x10 C:/Users/aehar/Desktop/projects/VSC_Projects/SwiTAS/sysmodule_application/saltynx_motion_plugin/lib/libnx_min/nx/lib\libnx_min.a(thread.o)
                0x0000000000002f00                threadTlsSet
 .text.threadTlsAlloc
                0x0000000000002f10       0xd8 C:/Users/aehar/Desktop/projects/VSC_Projects/SwiTAS/sysmodule_application/saltynx_motion_plugin/lib/libnx_min/nx/lib\libnx_min.a(thread.o)
                0x0000000000002f10                threadTlsAlloc
 *fill*         0x0000000000002fe8        0x8 
 .text.threadTlsFree
                0x0000000000002ff0       0x48 C:/Users/aehar/Desktop/projects/VSC_Projects/SwiTAS/sysmodule_application/saltynx_motion_plugin/lib/libnx_min/nx/lib\libnx_min.a(thread.o)
                0x0000000000002ff0                threadTlsFree
 *fill*         0x0000000000003038        0x8 
 .text.condvarWaitTimeout
                0x0000000000003040       0x60 C:/Users/aehar/Desktop/projects/VSC_Projects/SwiTAS/sysmodule_application/saltynx_motion_plugin/lib/libnx_min/nx/lib\libnx_min.a(condvar.o)
                0x0000000000003040                condvarWaitTimeout
 .text.detectKernelVersion
                0x00000000000030a0      0x17c C:/Users/aehar/Desktop/projects/VSC_Projects/SwiTAS/sysmodule_application/saltynx_motion_plugin/lib/libnx_min/nx/lib\libnx_min.a(detect.o)
                0x00000000000030a0                detectKernelVersion
 *fill*         0x000000000000321c        0x4 
 .text.detectDebugger
                0x0000000000003220       0x30 C:/Users/aehar/Desktop/projects/VSC_Projects/SwiTAS/sysmodule_application/saltynx_motion_plugin/lib/libnx_min/nx/lib\libnx_min.a(detect.o)
                0x0000000000003220                detectDebugger
 .text._ZdlPv   0x0000000000003250        0x4 c:/msys2/opt/devkitpro/devkita64/bin/../lib/gcc/aarch64-none-elf/9.2.0/../../../../aarch64-none-elf/lib/pic\libstdc++.a(del_op.o)
                0x0000000000003250                operator delete(void*)
 *fill*         0x0000000000003254        0x4 
 .text._ZNSt7__cxx1112basic_stringIcSt11char_traitsIcESaIcEE9_M_createERmm
                0x0000000000003258       0x5c c:/msys2/opt/devkitpro/devkita64/bin/../lib/gcc/aarch64-none-elf/9.2.0/../../../../aarch64-none-elf/lib/pic\libstdc++.a(string-inst.o)
                0x0000000000003258                std::__cxx11::basic_string<char, std::char_traits<char>, std::allocator<char> >::_M_create(unsigned long&, unsigned long)
 *fill*         0x00000000000032b4        0x4 
 .text._ZNSt7__cxx1112basic_stringIcSt11char_traitsIcESaIcEE9_M_mutateEmmPKcm
                0x00000000000032b8      0x12c c:/msys2/opt/devkitpro/devkita64/bin/../lib/gcc/aarch64-none-elf/9.2.0/../../../../aarch64-none-elf/lib/pic\libstdc++.a(string-inst.o)
                0x00000000000032b8                std::__cxx11::basic_string<char, std::char_traits<char>, std::allocator<char> >::_M_mutate(unsigned long, unsigned long, char const*, unsigned long)
 *fill*         0x00000000000033e4        0x4 
 .text._ZNSt7__cxx1112basic_stringIcSt11char_traitsIcESaIcEED2Ev
                0x00000000000033e8       0x18 c:/msys2/opt/devkitpro/devkita64/bin/../lib/gcc/aarch64-none-elf/9.2.0/../../../../aarch64-none-elf/lib/pic\libstdc++.a(string-inst.o)
                0x00000000000033e8                std::__cxx11::basic_string<char, std::char_traits<char>, std::allocator<char> >::~basic_string()
                0x00000000000033e8                std::__cxx11::basic_string<char, std::char_traits<char>, std::allocator<char> >::~basic_string()
 .text._ZNSt7__cxx1112basic_stringIcSt11char_traitsIcESaIcEE9_M_appendEPKcm
                0x0000000000003400       0xc0 c:/msys2/opt/devkitpro/devkita64/bin/../lib/gcc/aarch64-none-elf/9.2.0/../../../../aarch64-none-elf/lib/pic\libstdc++.a(string-inst.o)
                0x0000000000003400                std::__cxx11::basic_string<char, std::char_traits<char>, std::allocator<char> >::_M_append(char const*, unsigned long)
 .text._ZNSt7__cxx1112basic_stringIcSt11char_traitsIcESaIcEE6appendEPKc
                0x00000000000034c0       0x54 c:/msys2/opt/devkitpro/devkita64/bin/../lib/gcc/aarch64-none-elf/9.2.0/../../../../aarch64-none-elf/lib/pic\libstdc++.a(string-inst.o)
                0x00000000000034c0                std::__cxx11::basic_string<char, std::char_traits<char>, std::allocator<char> >::append(char const*)
 *fill*         0x0000000000003514        0x4 
 .text.__cxa_begin_catch
                0x0000000000003518       0x9c c:/msys2/opt/devkitpro/devkita64/bin/../lib/gcc/aarch64-none-elf/9.2.0/../../../../aarch64-none-elf/lib/pic\libstdc++.a(eh_catch.o)
                0x0000000000003518                __cxa_begin_catch
 *fill*         0x00000000000035b4        0x4 
 .text.__cxa_end_catch
                0x00000000000035b8       0x98 c:/msys2/opt/devkitpro/devkita64/bin/../lib/gcc/aarch64-none-elf/9.2.0/../../../../aarch64-none-elf/lib/pic\libstdc++.a(eh_catch.o)
                0x00000000000035b8                __cxa_end_catch
 .text._ZN17__eh_globals_initD2Ev
                0x0000000000003650       0x24 c:/msys2/opt/devkitpro/devkita64/bin/../lib/gcc/aarch64-none-elf/9.2.0/../../../../aarch64-none-elf/lib/pic\libstdc++.a(eh_globals.o)
                0x0000000000003650                __eh_globals_init::~__eh_globals_init()
                0x0000000000003650                __eh_globals_init::~__eh_globals_init()
 *fill*         0x0000000000003674        0x4 
 .text._ZL15eh_globals_dtorPv
                0x0000000000003678       0x44 c:/msys2/opt/devkitpro/devkita64/bin/../lib/gcc/aarch64-none-elf/9.2.0/../../../../aarch64-none-elf/lib/pic\libstdc++.a(eh_globals.o)
 *fill*         0x00000000000036bc        0x4 
 .text.__cxa_get_globals_fast
                0x00000000000036c0       0x34 c:/msys2/opt/devkitpro/devkita64/bin/../lib/gcc/aarch64-none-elf/9.2.0/../../../../aarch64-none-elf/lib/pic\libstdc++.a(eh_globals.o)
                0x00000000000036c0                __cxa_get_globals_fast
 *fill*         0x00000000000036f4        0x4 
 .text.__cxa_get_globals
                0x00000000000036f8       0x74 c:/msys2/opt/devkitpro/devkita64/bin/../lib/gcc/aarch64-none-elf/9.2.0/../../../../aarch64-none-elf/lib/pic\libstdc++.a(eh_globals.o)
                0x00000000000036f8                __cxa_get_globals
 *fill*         0x000000000000376c        0x4 
 .text._ZL16get_adjusted_ptrPKSt9type_infoS1_PPv
                0x0000000000003770       0x84 c:/msys2/opt/devkitpro/devkita64/bin/../lib/gcc/aarch64-none-elf/9.2.0/../../../../aarch64-none-elf/lib/pic\libstdc++.a(eh_personality.o)
 *fill*         0x00000000000037f4        0x4 
 .text._ZL28read_encoded_value_with_basehmPKhPm
                0x00000000000037f8      0x160 c:/msys2/opt/devkitpro/devkita64/bin/../lib/gcc/aarch64-none-elf/9.2.0/../../../../aarch64-none-elf/lib/pic\libstdc++.a(eh_personality.o)
 .text._ZL15get_ttype_entryP16lsda_header_infom
                0x0000000000003958       0xc0 c:/msys2/opt/devkitpro/devkita64/bin/../lib/gcc/aarch64-none-elf/9.2.0/../../../../aarch64-none-elf/lib/pic\libstdc++.a(eh_personality.o)
 .text._ZL20check_exception_specP16lsda_header_infoPKSt9type_infoPvl
                0x0000000000003a18       0x94 c:/msys2/opt/devkitpro/devkita64/bin/../lib/gcc/aarch64-none-elf/9.2.0/../../../../aarch64-none-elf/lib/pic\libstdc++.a(eh_personality.o)
 *fill*         0x0000000000003aac        0x4 
 .text._ZL21base_of_encoded_valuehP15_Unwind_Context
                0x0000000000003ab0       0x64 c:/msys2/opt/devkitpro/devkita64/bin/../lib/gcc/aarch64-none-elf/9.2.0/../../../../aarch64-none-elf/lib/pic\libstdc++.a(eh_personality.o)
 *fill*         0x0000000000003b14        0x4 
 .text._ZL17parse_lsda_headerP15_Unwind_ContextPKhP16lsda_header_info
                0x0000000000003b18      0x100 c:/msys2/opt/devkitpro/devkita64/bin/../lib/gcc/aarch64-none-elf/9.2.0/../../../../aarch64-none-elf/lib/pic\libstdc++.a(eh_personality.o)
 .text.__gxx_personality_v0
                0x0000000000003c18      0x4c4 c:/msys2/opt/devkitpro/devkita64/bin/../lib/gcc/aarch64-none-elf/9.2.0/../../../../aarch64-none-elf/lib/pic\libstdc++.a(eh_personality.o)
                0x0000000000003c18                __gxx_personality_v0
 *fill*         0x00000000000040dc        0x4 
 .text.__cxa_call_unexpected
                0x00000000000040e0       0xf0 c:/msys2/opt/devkitpro/devkita64/bin/../lib/gcc/aarch64-none-elf/9.2.0/../../../../aarch64-none-elf/lib/pic\libstdc++.a(eh_personality.o)
                0x00000000000040e0                __cxa_call_unexpected
 .text._ZN10__cxxabiv111__terminateEPFvvE
                0x00000000000041d0       0x3c c:/msys2/opt/devkitpro/devkita64/bin/../lib/gcc/aarch64-none-elf/9.2.0/../../../../aarch64-none-elf/lib/pic\libstdc++.a(eh_terminate.o)
                0x00000000000041d0                __cxxabiv1::__terminate(void (*)())
 *fill*         0x000000000000420c        0x4 
 .text._ZSt13get_terminatev
                0x0000000000004210       0x10 c:/msys2/opt/devkitpro/devkita64/bin/../lib/gcc/aarch64-none-elf/9.2.0/../../../../aarch64-none-elf/lib/pic\libstdc++.a(eh_terminate.o)
                0x0000000000004210                std::get_terminate()
 .text._ZSt9terminatev
                0x0000000000004220       0x10 c:/msys2/opt/devkitpro/devkita64/bin/../lib/gcc/aarch64-none-elf/9.2.0/../../../../aarch64-none-elf/lib/pic\libstdc++.a(eh_terminate.o)
                0x0000000000004220                std::terminate()
 .text._ZN10__cxxabiv112__unexpectedEPFvvE
                0x0000000000004230       0x10 c:/msys2/opt/devkitpro/devkita64/bin/../lib/gcc/aarch64-none-elf/9.2.0/../../../../aarch64-none-elf/lib/pic\libstdc++.a(eh_terminate.o)
                0x0000000000004230                __cxxabiv1::__unexpected(void (*)())
 .text._ZSt14get_unexpectedv
                0x0000000000004240       0x10 c:/msys2/opt/devkitpro/devkita64/bin/../lib/gcc/aarch64-none-elf/9.2.0/../../../../aarch64-none-elf/lib/pic\libstdc++.a(eh_terminate.o)
                0x0000000000004240                std::get_unexpected()
 .text._ZSt10unexpectedv
                0x0000000000004250       0x10 c:/msys2/opt/devkitpro/devkita64/bin/../lib/gcc/aarch64-none-elf/9.2.0/../../../../aarch64-none-elf/lib/pic\libstdc++.a(eh_terminate.o)
                0x0000000000004250                std::unexpected()
 .text._ZL23__gxx_exception_cleanup19_Unwind_Reason_CodeP17_Unwind_Exception
                0x0000000000004260       0x64 c:/msys2/opt/devkitpro/devkita64/bin/../lib/gcc/aarch64-none-elf/9.2.0/../../../../aarch64-none-elf/lib/pic\libstdc++.a(eh_throw.o)
 *fill*         0x00000000000042c4        0x4 
 .text.__cxa_init_primary_exception
                0x00000000000042c8       0x5c c:/msys2/opt/devkitpro/devkita64/bin/../lib/gcc/aarch64-none-elf/9.2.0/../../../../aarch64-none-elf/lib/pic\libstdc++.a(eh_throw.o)
                0x00000000000042c8                __cxa_init_primary_exception
 *fill*         0x0000000000004324        0x4 
 .text.__cxa_throw
                0x0000000000004328       0x60 c:/msys2/opt/devkitpro/devkita64/bin/../lib/gcc/aarch64-none-elf/9.2.0/../../../../aarch64-none-elf/lib/pic\libstdc++.a(eh_throw.o)
                0x0000000000004328                __cxa_throw
 .text.__cxa_rethrow
                0x0000000000004388       0x70 c:/msys2/opt/devkitpro/devkita64/bin/../lib/gcc/aarch64-none-elf/9.2.0/../../../../aarch64-none-elf/lib/pic\libstdc++.a(eh_throw.o)
                0x0000000000004388                __cxa_rethrow
 .text._Znwm    0x00000000000043f8       0x68 c:/msys2/opt/devkitpro/devkita64/bin/../lib/gcc/aarch64-none-elf/9.2.0/../../../../aarch64-none-elf/lib/pic\libstdc++.a(new_op.o)
                0x00000000000043f8                operator new(unsigned long)
 .text._ZNKSt9bad_alloc4whatEv
                0x0000000000004460        0xc c:/msys2/opt/devkitpro/devkita64/bin/../lib/gcc/aarch64-none-elf/9.2.0/../../../../aarch64-none-elf/lib/pic\libstdc++.a(bad_alloc.o)
                0x0000000000004460                std::bad_alloc::what() const
 *fill*         0x000000000000446c        0x4 
 .text._ZNSt9bad_allocD2Ev
                0x0000000000004470       0x14 c:/msys2/opt/devkitpro/devkita64/bin/../lib/gcc/aarch64-none-elf/9.2.0/../../../../aarch64-none-elf/lib/pic\libstdc++.a(bad_alloc.o)
                0x0000000000004470                std::bad_alloc::~bad_alloc()
                0x0000000000004470                std::bad_alloc::~bad_alloc()
 *fill*         0x0000000000004484        0x4 
 .text._ZNSt9bad_allocD0Ev
                0x0000000000004488       0x28 c:/msys2/opt/devkitpro/devkita64/bin/../lib/gcc/aarch64-none-elf/9.2.0/../../../../aarch64-none-elf/lib/pic\libstdc++.a(bad_alloc.o)
                0x0000000000004488                std::bad_alloc::~bad_alloc()
 .text._ZdlPvm  0x00000000000044b0        0x4 c:/msys2/opt/devkitpro/devkita64/bin/../lib/gcc/aarch64-none-elf/9.2.0/../../../../aarch64-none-elf/lib/pic\libstdc++.a(del_ops.o)
                0x00000000000044b0                operator delete(void*, unsigned long)
 *fill*         0x00000000000044b4        0x4 
 .text._ZNK9__gnu_cxx24__concurrence_lock_error4whatEv
                0x00000000000044b8        0xc c:/msys2/opt/devkitpro/devkita64/bin/../lib/gcc/aarch64-none-elf/9.2.0/../../../../aarch64-none-elf/lib/pic\libstdc++.a(eh_alloc.o)
                0x00000000000044b8                __gnu_cxx::__concurrence_lock_error::what() const
 *fill*         0x00000000000044c4        0x4 
 .text._ZNK9__gnu_cxx26__concurrence_unlock_error4whatEv
                0x00000000000044c8        0xc c:/msys2/opt/devkitpro/devkita64/bin/../lib/gcc/aarch64-none-elf/9.2.0/../../../../aarch64-none-elf/lib/pic\libstdc++.a(eh_alloc.o)
                0x00000000000044c8                __gnu_cxx::__concurrence_unlock_error::what() const
 *fill*         0x00000000000044d4        0x4 
 .text._ZN9__gnu_cxx24__concurrence_lock_errorD2Ev
                0x00000000000044d8       0x14 c:/msys2/opt/devkitpro/devkita64/bin/../lib/gcc/aarch64-none-elf/9.2.0/../../../../aarch64-none-elf/lib/pic\libstdc++.a(eh_alloc.o)
                0x00000000000044d8                __gnu_cxx::__concurrence_lock_error::~__concurrence_lock_error()
                0x00000000000044d8                __gnu_cxx::__concurrence_lock_error::~__concurrence_lock_error()
 *fill*         0x00000000000044ec        0x4 
 .text._ZN9__gnu_cxx26__concurrence_unlock_errorD2Ev
                0x00000000000044f0       0x14 c:/msys2/opt/devkitpro/devkita64/bin/../lib/gcc/aarch64-none-elf/9.2.0/../../../../aarch64-none-elf/lib/pic\libstdc++.a(eh_alloc.o)
                0x00000000000044f0                __gnu_cxx::__concurrence_unlock_error::~__concurrence_unlock_error()
                0x00000000000044f0                __gnu_cxx::__concurrence_unlock_error::~__concurrence_unlock_error()
 *fill*         0x0000000000004504        0x4 
 .text._ZN9__gnu_cxx24__concurrence_lock_errorD0Ev
                0x0000000000004508       0x38 c:/msys2/opt/devkitpro/devkita64/bin/../lib/gcc/aarch64-none-elf/9.2.0/../../../../aarch64-none-elf/lib/pic\libstdc++.a(eh_alloc.o)
                0x0000000000004508                __gnu_cxx::__concurrence_lock_error::~__concurrence_lock_error()
 .text._ZN9__gnu_cxx26__concurrence_unlock_errorD0Ev
                0x0000000000004540       0x38 c:/msys2/opt/devkitpro/devkita64/bin/../lib/gcc/aarch64-none-elf/9.2.0/../../../../aarch64-none-elf/lib/pic\libstdc++.a(eh_alloc.o)
                0x0000000000004540                __gnu_cxx::__concurrence_unlock_error::~__concurrence_unlock_error()
 .text._ZN12_GLOBAL__N_14pool4freeEPv.constprop.0
                0x0000000000004578      0x158 c:/msys2/opt/devkitpro/devkita64/bin/../lib/gcc/aarch64-none-elf/9.2.0/../../../../aarch64-none-elf/lib/pic\libstdc++.a(eh_alloc.o)
 .text._ZN12_GLOBAL__N_14pool8allocateEm.constprop.0
                0x00000000000046d0       0xf8 c:/msys2/opt/devkitpro/devkita64/bin/../lib/gcc/aarch64-none-elf/9.2.0/../../../../aarch64-none-elf/lib/pic\libstdc++.a(eh_alloc.o)
 .text.__cxa_allocate_exception
                0x00000000000047c8       0x64 c:/msys2/opt/devkitpro/devkita64/bin/../lib/gcc/aarch64-none-elf/9.2.0/../../../../aarch64-none-elf/lib/pic\libstdc++.a(eh_alloc.o)
                0x00000000000047c8                __cxa_allocate_exception
 *fill*         0x000000000000482c        0x4 
 .text.__cxa_free_exception
                0x0000000000004830       0x40 c:/msys2/opt/devkitpro/devkita64/bin/../lib/gcc/aarch64-none-elf/9.2.0/../../../../aarch64-none-elf/lib/pic\libstdc++.a(eh_alloc.o)
                0x0000000000004830                __cxa_free_exception
 .text.__cxa_call_terminate
                0x0000000000004870       0x44 c:/msys2/opt/devkitpro/devkita64/bin/../lib/gcc/aarch64-none-elf/9.2.0/../../../../aarch64-none-elf/lib/pic\libstdc++.a(eh_call.o)
                0x0000000000004870                __cxa_call_terminate
 *fill*         0x00000000000048b4        0x4 
 .text._ZNSt9exceptionD2Ev
                0x00000000000048b8        0x4 c:/msys2/opt/devkitpro/devkita64/bin/../lib/gcc/aarch64-none-elf/9.2.0/../../../../aarch64-none-elf/lib/pic\libstdc++.a(eh_exception.o)
                0x00000000000048b8                std::exception::~exception()
                0x00000000000048b8                std::exception::~exception()
 *fill*         0x00000000000048bc        0x4 
 .text._ZNSt13bad_exceptionD2Ev
                0x00000000000048c0       0x14 c:/msys2/opt/devkitpro/devkita64/bin/../lib/gcc/aarch64-none-elf/9.2.0/../../../../aarch64-none-elf/lib/pic\libstdc++.a(eh_exception.o)
                0x00000000000048c0                std::bad_exception::~bad_exception()
                0x00000000000048c0                std::bad_exception::~bad_exception()
 *fill*         0x00000000000048d4        0x4 
 .text._ZNKSt13bad_exception4whatEv
                0x00000000000048d8        0xc c:/msys2/opt/devkitpro/devkita64/bin/../lib/gcc/aarch64-none-elf/9.2.0/../../../../aarch64-none-elf/lib/pic\libstdc++.a(eh_exception.o)
                0x00000000000048d8                std::bad_exception::what() const
 *fill*         0x00000000000048e4        0x4 
 .text._ZNSt13bad_exceptionD0Ev
                0x00000000000048e8       0x28 c:/msys2/opt/devkitpro/devkita64/bin/../lib/gcc/aarch64-none-elf/9.2.0/../../../../aarch64-none-elf/lib/pic\libstdc++.a(eh_exception.o)
                0x00000000000048e8                std::bad_exception::~bad_exception()
 .text._ZSt15get_new_handlerv
                0x0000000000004910       0x10 c:/msys2/opt/devkitpro/devkita64/bin/../lib/gcc/aarch64-none-elf/9.2.0/../../../../aarch64-none-elf/lib/pic\libstdc++.a(new_handler.o)
                0x0000000000004910                std::get_new_handler()
 .text._ZN10__cxxabiv120__si_class_type_infoD2Ev
                0x0000000000004920       0x14 c:/msys2/opt/devkitpro/devkita64/bin/../lib/gcc/aarch64-none-elf/9.2.0/../../../../aarch64-none-elf/lib/pic\libstdc++.a(si_class_type_info.o)
                0x0000000000004920                __cxxabiv1::__si_class_type_info::~__si_class_type_info()
                0x0000000000004920                __cxxabiv1::__si_class_type_info::~__si_class_type_info()
 *fill*         0x0000000000004934        0x4 
 .text._ZN10__cxxabiv120__si_class_type_infoD0Ev
                0x0000000000004938       0x28 c:/msys2/opt/devkitpro/devkita64/bin/../lib/gcc/aarch64-none-elf/9.2.0/../../../../aarch64-none-elf/lib/pic\libstdc++.a(si_class_type_info.o)
                0x0000000000004938                __cxxabiv1::__si_class_type_info::~__si_class_type_info()
 .text._ZNK10__cxxabiv120__si_class_type_info20__do_find_public_srcElPKvPKNS_17__class_type_infoES2_
                0x0000000000004960       0x80 c:/msys2/opt/devkitpro/devkita64/bin/../lib/gcc/aarch64-none-elf/9.2.0/../../../../aarch64-none-elf/lib/pic\libstdc++.a(si_class_type_info.o)
                0x0000000000004960                __cxxabiv1::__si_class_type_info::__do_find_public_src(long, void const*, __cxxabiv1::__class_type_info const*, void const*) const
 .text._ZNK10__cxxabiv120__si_class_type_info12__do_dyncastElNS_17__class_type_info10__sub_kindEPKS1_PKvS4_S6_RNS1_16__dyncast_resultE
                0x00000000000049e0      0x140 c:/msys2/opt/devkitpro/devkita64/bin/../lib/gcc/aarch64-none-elf/9.2.0/../../../../aarch64-none-elf/lib/pic\libstdc++.a(si_class_type_info.o)
                0x00000000000049e0                __cxxabiv1::__si_class_type_info::__do_dyncast(long, __cxxabiv1::__class_type_info::__sub_kind, __cxxabiv1::__class_type_info const*, void const*, __cxxabiv1::__class_type_info const*, void const*, __cxxabiv1::__class_type_info::__dyncast_result&) const
 .text._ZNK10__cxxabiv120__si_class_type_info11__do_upcastEPKNS_17__class_type_infoEPKvRNS1_15__upcast_resultE
                0x0000000000004b20       0x68 c:/msys2/opt/devkitpro/devkita64/bin/../lib/gcc/aarch64-none-elf/9.2.0/../../../../aarch64-none-elf/lib/pic\libstdc++.a(si_class_type_info.o)
                0x0000000000004b20                __cxxabiv1::__si_class_type_info::__do_upcast(__cxxabiv1::__class_type_info const*, void const*, __cxxabiv1::__class_type_info::__upcast_result&) const
 .text._ZNSt9type_infoD2Ev
                0x0000000000004b88        0x4 c:/msys2/opt/devkitpro/devkita64/bin/../lib/gcc/aarch64-none-elf/9.2.0/../../../../aarch64-none-elf/lib/pic\libstdc++.a(tinfo.o)
                0x0000000000004b88                std::type_info::~type_info()
                0x0000000000004b88                std::type_info::~type_info()
 *fill*         0x0000000000004b8c        0x4 
 .text._ZNKSt9type_info14__is_pointer_pEv
                0x0000000000004b90        0x8 c:/msys2/opt/devkitpro/devkita64/bin/../lib/gcc/aarch64-none-elf/9.2.0/../../../../aarch64-none-elf/lib/pic\libstdc++.a(tinfo.o)
                0x0000000000004b90                std::type_info::__is_pointer_p() const
                0x0000000000004b90                std::type_info::__is_function_p() const
 .text._ZNKSt11logic_error4whatEv
                0x0000000000004b98        0x8 c:/msys2/opt/devkitpro/devkita64/bin/../lib/gcc/aarch64-none-elf/9.2.0/../../../../aarch64-none-elf/lib/pic\libstdc++.a(stdexcept.o)
                0x0000000000004b98                std::logic_error::what() const
 .text._ZNSt11logic_errorD2Ev
                0x0000000000004ba0       0x74 c:/msys2/opt/devkitpro/devkita64/bin/../lib/gcc/aarch64-none-elf/9.2.0/../../../../aarch64-none-elf/lib/pic\libstdc++.a(stdexcept.o)
                0x0000000000004ba0                std::logic_error::~logic_error()
                0x0000000000004ba0                std::logic_error::~logic_error()
 *fill*         0x0000000000004c14        0x4 
 .text._ZNSt11logic_errorD0Ev
                0x0000000000004c18       0x24 c:/msys2/opt/devkitpro/devkita64/bin/../lib/gcc/aarch64-none-elf/9.2.0/../../../../aarch64-none-elf/lib/pic\libstdc++.a(stdexcept.o)
                0x0000000000004c18                std::logic_error::~logic_error()
 *fill*         0x0000000000004c3c        0x4 
 .text._ZNSt12length_errorD2Ev
                0x0000000000004c40       0x14 c:/msys2/opt/devkitpro/devkita64/bin/../lib/gcc/aarch64-none-elf/9.2.0/../../../../aarch64-none-elf/lib/pic\libstdc++.a(stdexcept.o)
                0x0000000000004c40                std::length_error::~length_error()
                0x0000000000004c40                std::length_error::~length_error()
 *fill*         0x0000000000004c54        0x4 
 .text._ZNSt12length_errorD0Ev
                0x0000000000004c58       0x24 c:/msys2/opt/devkitpro/devkita64/bin/../lib/gcc/aarch64-none-elf/9.2.0/../../../../aarch64-none-elf/lib/pic\libstdc++.a(stdexcept.o)
                0x0000000000004c58                std::length_error::~length_error()
 *fill*         0x0000000000004c7c        0x4 
 .text._ZNSt11logic_errorC2EPKc
                0x0000000000004c80       0x4c c:/msys2/opt/devkitpro/devkita64/bin/../lib/gcc/aarch64-none-elf/9.2.0/../../../../aarch64-none-elf/lib/pic\libstdc++.a(cow-stdexcept.o)
                0x0000000000004c80                std::logic_error::logic_error(char const*)
                0x0000000000004c80                std::logic_error::logic_error(char const*)
 *fill*         0x0000000000004ccc        0x4 
 .text._ZNSt12length_errorC2EPKc
                0x0000000000004cd0       0x30 c:/msys2/opt/devkitpro/devkita64/bin/../lib/gcc/aarch64-none-elf/9.2.0/../../../../aarch64-none-elf/lib/pic\libstdc++.a(cow-stdexcept.o)
                0x0000000000004cd0                std::length_error::length_error(char const*)
                0x0000000000004cd0                std::length_error::length_error(char const*)
 .text._ZNSs4_Rep9_S_createEmmRKSaIcE
                0x0000000000004d00       0xa8 c:/msys2/opt/devkitpro/devkita64/bin/../lib/gcc/aarch64-none-elf/9.2.0/../../../../aarch64-none-elf/lib/pic\libstdc++.a(cow-string-inst.o)
                0x0000000000004d00                std::string::_Rep::_S_create(unsigned long, unsigned long, std::allocator<char> const&)
 .text._ZNSs12_S_constructIPcEES0_T_S1_RKSaIcESt20forward_iterator_tag.part.0
                0x0000000000004da8       0xac c:/msys2/opt/devkitpro/devkita64/bin/../lib/gcc/aarch64-none-elf/9.2.0/../../../../aarch64-none-elf/lib/pic\libstdc++.a(cow-string-inst.o)
 *fill*         0x0000000000004e54        0x4 
 .text._ZNSs4_Rep10_M_destroyERKSaIcE
                0x0000000000004e58        0x4 c:/msys2/opt/devkitpro/devkita64/bin/../lib/gcc/aarch64-none-elf/9.2.0/../../../../aarch64-none-elf/lib/pic\libstdc++.a(cow-string-inst.o)
                0x0000000000004e58                std::string::_Rep::_M_destroy(std::allocator<char> const&)
 *fill*         0x0000000000004e5c        0x4 
 .text._ZNSs12_S_constructIPKcEEPcT_S3_RKSaIcESt20forward_iterator_tag
                0x0000000000004e60       0x34 c:/msys2/opt/devkitpro/devkita64/bin/../lib/gcc/aarch64-none-elf/9.2.0/../../../../aarch64-none-elf/lib/pic\libstdc++.a(cow-string-inst.o)
                0x0000000000004e60                char* std::string::_S_construct<char const*>(char const*, char const*, std::allocator<char> const&, std::forward_iterator_tag)
 *fill*         0x0000000000004e94        0x4 
 .text._ZNSsC2EPKcRKSaIcE
                0x0000000000004e98       0x54 c:/msys2/opt/devkitpro/devkita64/bin/../lib/gcc/aarch64-none-elf/9.2.0/../../../../aarch64-none-elf/lib/pic\libstdc++.a(cow-string-inst.o)
                0x0000000000004e98                std::basic_string<char, std::char_traits<char>, std::allocator<char> >::basic_string(char const*, std::allocator<char> const&)
                0x0000000000004e98                std::basic_string<char, std::char_traits<char>, std::allocator<char> >::basic_string(char const*, std::allocator<char> const&)
 *fill*         0x0000000000004eec        0x4 
 .text._ZNK10__cxxabiv117__class_type_info11__do_upcastEPKS0_PPv
                0x0000000000004ef0       0x6c c:/msys2/opt/devkitpro/devkita64/bin/../lib/gcc/aarch64-none-elf/9.2.0/../../../../aarch64-none-elf/lib/pic\libstdc++.a(class_type_info.o)
                0x0000000000004ef0                __cxxabiv1::__class_type_info::__do_upcast(__cxxabiv1::__class_type_info const*, void**) const
 *fill*         0x0000000000004f5c        0x4 
 .text._ZNK10__cxxabiv117__class_type_info20__do_find_public_srcElPKvPKS0_S2_
                0x0000000000004f60       0x10 c:/msys2/opt/devkitpro/devkita64/bin/../lib/gcc/aarch64-none-elf/9.2.0/../../../../aarch64-none-elf/lib/pic\libstdc++.a(class_type_info.o)
                0x0000000000004f60                __cxxabiv1::__class_type_info::__do_find_public_src(long, void const*, __cxxabiv1::__class_type_info const*, void const*) const
 .text._ZN10__cxxabiv117__class_type_infoD2Ev
                0x0000000000004f70       0x14 c:/msys2/opt/devkitpro/devkita64/bin/../lib/gcc/aarch64-none-elf/9.2.0/../../../../aarch64-none-elf/lib/pic\libstdc++.a(class_type_info.o)
                0x0000000000004f70                __cxxabiv1::__class_type_info::~__class_type_info()
                0x0000000000004f70                __cxxabiv1::__class_type_info::~__class_type_info()
 *fill*         0x0000000000004f84        0x4 
 .text._ZN10__cxxabiv117__class_type_infoD0Ev
                0x0000000000004f88       0x28 c:/msys2/opt/devkitpro/devkita64/bin/../lib/gcc/aarch64-none-elf/9.2.0/../../../../aarch64-none-elf/lib/pic\libstdc++.a(class_type_info.o)
                0x0000000000004f88                __cxxabiv1::__class_type_info::~__class_type_info()
 .text._ZNK10__cxxabiv117__class_type_info12__do_dyncastElNS0_10__sub_kindEPKS0_PKvS3_S5_RNS0_16__dyncast_resultE
                0x0000000000004fb0       0xdc c:/msys2/opt/devkitpro/devkita64/bin/../lib/gcc/aarch64-none-elf/9.2.0/../../../../aarch64-none-elf/lib/pic\libstdc++.a(class_type_info.o)
                0x0000000000004fb0                __cxxabiv1::__class_type_info::__do_dyncast(long, __cxxabiv1::__class_type_info::__sub_kind, __cxxabiv1::__class_type_info const*, void const*, __cxxabiv1::__class_type_info const*, void const*, __cxxabiv1::__class_type_info::__dyncast_result&) const
 *fill*         0x000000000000508c        0x4 
 .text._ZNK10__cxxabiv117__class_type_info11__do_upcastEPKS0_PKvRNS0_15__upcast_resultE
                0x0000000000005090       0x6c c:/msys2/opt/devkitpro/devkita64/bin/../lib/gcc/aarch64-none-elf/9.2.0/../../../../aarch64-none-elf/lib/pic\libstdc++.a(class_type_info.o)
                0x0000000000005090                __cxxabiv1::__class_type_info::__do_upcast(__cxxabiv1::__class_type_info const*, void const*, __cxxabiv1::__class_type_info::__upcast_result&) const
 *fill*         0x00000000000050fc        0x4 
 .text._ZNK10__cxxabiv117__class_type_info10__do_catchEPKSt9type_infoPPvj
                0x0000000000005100       0xac c:/msys2/opt/devkitpro/devkita64/bin/../lib/gcc/aarch64-none-elf/9.2.0/../../../../aarch64-none-elf/lib/pic\libstdc++.a(class_type_info.o)
                0x0000000000005100                __cxxabiv1::__class_type_info::__do_catch(std::type_info const*, void**, unsigned int) const
 *fill*         0x00000000000051ac        0x4 
 .text.read_encoded_value_with_base
                0x00000000000051b0      0x160 c:/msys2/opt/devkitpro/devkita64/bin/../lib/gcc/aarch64-none-elf/9.2.0/pic\libgcc.a(unwind-dw2.o)
 .text.base_of_encoded_value
                0x0000000000005310       0x74 c:/msys2/opt/devkitpro/devkita64/bin/../lib/gcc/aarch64-none-elf/9.2.0/pic\libgcc.a(unwind-dw2.o)
 *fill*         0x0000000000005384        0x4 
 .text.execute_cfa_program
                0x0000000000005388      0x7ac c:/msys2/opt/devkitpro/devkita64/bin/../lib/gcc/aarch64-none-elf/9.2.0/pic\libgcc.a(unwind-dw2.o)
 *fill*         0x0000000000005b34        0x4 
 .text.uw_frame_state_for
                0x0000000000005b38      0x444 c:/msys2/opt/devkitpro/devkita64/bin/../lib/gcc/aarch64-none-elf/9.2.0/pic\libgcc.a(unwind-dw2.o)
 *fill*         0x0000000000005f7c        0x4 
 .text.init_dwarf_reg_size_table
                0x0000000000005f80      0x158 c:/msys2/opt/devkitpro/devkita64/bin/../lib/gcc/aarch64-none-elf/9.2.0/pic\libgcc.a(unwind-dw2.o)
 .text.uw_install_context_1
                0x00000000000060d8      0x160 c:/msys2/opt/devkitpro/devkita64/bin/../lib/gcc/aarch64-none-elf/9.2.0/pic\libgcc.a(unwind-dw2.o)
 .text.execute_stack_op
                0x0000000000006238      0x774 c:/msys2/opt/devkitpro/devkita64/bin/../lib/gcc/aarch64-none-elf/9.2.0/pic\libgcc.a(unwind-dw2.o)
 *fill*         0x00000000000069ac        0x4 
 .text.uw_update_context_1
                0x00000000000069b0      0x34c c:/msys2/opt/devkitpro/devkita64/bin/../lib/gcc/aarch64-none-elf/9.2.0/pic\libgcc.a(unwind-dw2.o)
 *fill*         0x0000000000006cfc        0x4 
 .text.uw_init_context_1
                0x0000000000006d00      0x238 c:/msys2/opt/devkitpro/devkita64/bin/../lib/gcc/aarch64-none-elf/9.2.0/pic\libgcc.a(unwind-dw2.o)
 .text.uw_update_context
                0x0000000000006f38       0xb4 c:/msys2/opt/devkitpro/devkita64/bin/../lib/gcc/aarch64-none-elf/9.2.0/pic\libgcc.a(unwind-dw2.o)
 *fill*         0x0000000000006fec        0x4 
 .text._Unwind_RaiseException_Phase2
                0x0000000000006ff0       0xe0 c:/msys2/opt/devkitpro/devkita64/bin/../lib/gcc/aarch64-none-elf/9.2.0/pic\libgcc.a(unwind-dw2.o)
 .text._Unwind_ForcedUnwind_Phase2
                0x00000000000070d0      0x11c c:/msys2/opt/devkitpro/devkita64/bin/../lib/gcc/aarch64-none-elf/9.2.0/pic\libgcc.a(unwind-dw2.o)
 *fill*         0x00000000000071ec        0x4 
 .text._Unwind_SetGR
                0x00000000000071f0       0x54 c:/msys2/opt/devkitpro/devkita64/bin/../lib/gcc/aarch64-none-elf/9.2.0/pic\libgcc.a(unwind-dw2.o)
                0x00000000000071f0                _Unwind_SetGR
 *fill*         0x0000000000007244        0x4 
 .text._Unwind_GetIPInfo
                0x0000000000007248       0x14 c:/msys2/opt/devkitpro/devkita64/bin/../lib/gcc/aarch64-none-elf/9.2.0/pic\libgcc.a(unwind-dw2.o)
                0x0000000000007248                _Unwind_GetIPInfo
 *fill*         0x000000000000725c        0x4 
 .text._Unwind_SetIP
                0x0000000000007260        0x8 c:/msys2/opt/devkitpro/devkita64/bin/../lib/gcc/aarch64-none-elf/9.2.0/pic\libgcc.a(unwind-dw2.o)
                0x0000000000007260                _Unwind_SetIP
 .text._Unwind_GetLanguageSpecificData
                0x0000000000007268        0x8 c:/msys2/opt/devkitpro/devkita64/bin/../lib/gcc/aarch64-none-elf/9.2.0/pic\libgcc.a(unwind-dw2.o)
                0x0000000000007268                _Unwind_GetLanguageSpecificData
 .text._Unwind_GetRegionStart
                0x0000000000007270        0x8 c:/msys2/opt/devkitpro/devkita64/bin/../lib/gcc/aarch64-none-elf/9.2.0/pic\libgcc.a(unwind-dw2.o)
                0x0000000000007270                _Unwind_GetRegionStart
 .text._Unwind_GetDataRelBase
                0x0000000000007278        0x8 c:/msys2/opt/devkitpro/devkita64/bin/../lib/gcc/aarch64-none-elf/9.2.0/pic\libgcc.a(unwind-dw2.o)
                0x0000000000007278                _Unwind_GetDataRelBase
 .text._Unwind_GetTextRelBase
                0x0000000000007280        0x8 c:/msys2/opt/devkitpro/devkita64/bin/../lib/gcc/aarch64-none-elf/9.2.0/pic\libgcc.a(unwind-dw2.o)
                0x0000000000007280                _Unwind_GetTextRelBase
 .text._Unwind_DebugHook
                0x0000000000007288        0x4 c:/msys2/opt/devkitpro/devkita64/bin/../lib/gcc/aarch64-none-elf/9.2.0/pic\libgcc.a(unwind-dw2.o)
 *fill*         0x000000000000728c        0x4 
 .text._Unwind_RaiseException
                0x0000000000007290      0x188 c:/msys2/opt/devkitpro/devkita64/bin/../lib/gcc/aarch64-none-elf/9.2.0/pic\libgcc.a(unwind-dw2.o)
                0x0000000000007290                _Unwind_RaiseException
 .text._Unwind_Resume
                0x0000000000007418      0x110 c:/msys2/opt/devkitpro/devkita64/bin/../lib/gcc/aarch64-none-elf/9.2.0/pic\libgcc.a(unwind-dw2.o)
                0x0000000000007418                _Unwind_Resume
 .text._Unwind_Resume_or_Rethrow
                0x0000000000007528      0x108 c:/msys2/opt/devkitpro/devkita64/bin/../lib/gcc/aarch64-none-elf/9.2.0/pic\libgcc.a(unwind-dw2.o)
                0x0000000000007528                _Unwind_Resume_or_Rethrow
 .text._Unwind_DeleteException
                0x0000000000007630       0x1c c:/msys2/opt/devkitpro/devkita64/bin/../lib/gcc/aarch64-none-elf/9.2.0/pic\libgcc.a(unwind-dw2.o)
                0x0000000000007630                _Unwind_DeleteException
 *fill*         0x000000000000764c        0x4 
 .text.fde_unencoded_compare
                0x0000000000007650       0x1c c:/msys2/opt/devkitpro/devkita64/bin/../lib/gcc/aarch64-none-elf/9.2.0/pic\libgcc.a(unwind-dw2-fde.o)
 *fill*         0x000000000000766c        0x4 
 .text.frame_downheap
                0x0000000000007670      0x110 c:/msys2/opt/devkitpro/devkita64/bin/../lib/gcc/aarch64-none-elf/9.2.0/pic\libgcc.a(unwind-dw2-fde.o)
 .text.frame_heapsort
                0x0000000000007780       0xc0 c:/msys2/opt/devkitpro/devkita64/bin/../lib/gcc/aarch64-none-elf/9.2.0/pic\libgcc.a(unwind-dw2-fde.o)
 .text.size_of_encoded_value
                0x0000000000007840       0x60 c:/msys2/opt/devkitpro/devkita64/bin/../lib/gcc/aarch64-none-elf/9.2.0/pic\libgcc.a(unwind-dw2-fde.o)
 .text.read_encoded_value_with_base
                0x00000000000078a0      0x160 c:/msys2/opt/devkitpro/devkita64/bin/../lib/gcc/aarch64-none-elf/9.2.0/pic\libgcc.a(unwind-dw2-fde.o)
 .text.get_cie_encoding
                0x0000000000007a00      0x118 c:/msys2/opt/devkitpro/devkita64/bin/../lib/gcc/aarch64-none-elf/9.2.0/pic\libgcc.a(unwind-dw2-fde.o)
 .text.base_from_object.isra.0
                0x0000000000007b18       0x60 c:/msys2/opt/devkitpro/devkita64/bin/../lib/gcc/aarch64-none-elf/9.2.0/pic\libgcc.a(unwind-dw2-fde.o)
 .text.fde_single_encoding_compare
                0x0000000000007b78       0x88 c:/msys2/opt/devkitpro/devkita64/bin/../lib/gcc/aarch64-none-elf/9.2.0/pic\libgcc.a(unwind-dw2-fde.o)
 .text.classify_object_over_fdes
                0x0000000000007c00      0x180 c:/msys2/opt/devkitpro/devkita64/bin/../lib/gcc/aarch64-none-elf/9.2.0/pic\libgcc.a(unwind-dw2-fde.o)
 .text.add_fdes
                0x0000000000007d80      0x140 c:/msys2/opt/devkitpro/devkita64/bin/../lib/gcc/aarch64-none-elf/9.2.0/pic\libgcc.a(unwind-dw2-fde.o)
 .text.linear_search_fdes
                0x0000000000007ec0      0x180 c:/msys2/opt/devkitpro/devkita64/bin/../lib/gcc/aarch64-none-elf/9.2.0/pic\libgcc.a(unwind-dw2-fde.o)
 .text.fde_mixed_encoding_compare
                0x0000000000008040       0xbc c:/msys2/opt/devkitpro/devkita64/bin/../lib/gcc/aarch64-none-elf/9.2.0/pic\libgcc.a(unwind-dw2-fde.o)
 *fill*         0x00000000000080fc        0x4 
 .text.search_object
                0x0000000000008100      0x664 c:/msys2/opt/devkitpro/devkita64/bin/../lib/gcc/aarch64-none-elf/9.2.0/pic\libgcc.a(unwind-dw2-fde.o)
 *fill*         0x0000000000008764        0x4 
 .text.__register_frame_info.part.0
                0x0000000000008768       0x58 c:/msys2/opt/devkitpro/devkita64/bin/../lib/gcc/aarch64-none-elf/9.2.0/pic\libgcc.a(unwind-dw2-fde.o)
 .text.__register_frame_info
                0x00000000000087c0       0x14 c:/msys2/opt/devkitpro/devkita64/bin/../lib/gcc/aarch64-none-elf/9.2.0/pic\libgcc.a(unwind-dw2-fde.o)
                0x00000000000087c0                __register_frame_info
 *fill*         0x00000000000087d4        0x4 
 .text.__deregister_frame_info_bases
                0x00000000000087d8       0xf8 c:/msys2/opt/devkitpro/devkita64/bin/../lib/gcc/aarch64-none-elf/9.2.0/pic\libgcc.a(unwind-dw2-fde.o)
                0x00000000000087d8                __deregister_frame_info_bases
 .text.__deregister_frame_info
                0x00000000000088d0        0x4 c:/msys2/opt/devkitpro/devkita64/bin/../lib/gcc/aarch64-none-elf/9.2.0/pic\libgcc.a(unwind-dw2-fde.o)
                0x00000000000088d0                __deregister_frame_info
 *fill*         0x00000000000088d4        0x4 
 .text._Unwind_Find_FDE
                0x00000000000088d8      0x1a8 c:/msys2/opt/devkitpro/devkita64/bin/../lib/gcc/aarch64-none-elf/9.2.0/pic\libgcc.a(unwind-dw2-fde.o)
                0x00000000000088d8                _Unwind_Find_FDE
 .text.abort    0x0000000000008a80       0x18 c:/msys2/opt/devkitpro/devkita64/bin/../lib/gcc/aarch64-none-elf/9.2.0/../../../../aarch64-none-elf/lib/pic\libg.a(lib_a-abort.o)
                0x0000000000008a80                abort
 .text.__cxa_atexit
                0x0000000000008a98       0x18 c:/msys2/opt/devkitpro/devkita64/bin/../lib/gcc/aarch64-none-elf/9.2.0/../../../../aarch64-none-elf/lib/pic\libg.a(lib_a-cxa_atexit.o)
                0x0000000000008a98                __cxa_atexit
 .text.__libc_fini_array
                0x0000000000008ab0       0x4c c:/msys2/opt/devkitpro/devkita64/bin/../lib/gcc/aarch64-none-elf/9.2.0/../../../../aarch64-none-elf/lib/pic\libg.a(lib_a-fini.o)
                0x0000000000008ab0                __libc_fini_array
 *fill*         0x0000000000008afc        0x4 
 .text.__libc_init_array
                0x0000000000008b00       0x9c c:/msys2/opt/devkitpro/devkita64/bin/../lib/gcc/aarch64-none-elf/9.2.0/../../../../aarch64-none-elf/lib/pic\libg.a(lib_a-init.o)
                0x0000000000008b00                __libc_init_array
 *fill*         0x0000000000008b9c        0x4 
 .text.malloc   0x0000000000008ba0       0x24 c:/msys2/opt/devkitpro/devkita64/bin/../lib/gcc/aarch64-none-elf/9.2.0/../../../../aarch64-none-elf/lib/pic\libg.a(lib_a-malloc.o)
                0x0000000000008ba0                malloc
 *fill*         0x0000000000008bc4        0x4 
 .text.free     0x0000000000008bc8       0x24 c:/msys2/opt/devkitpro/devkita64/bin/../lib/gcc/aarch64-none-elf/9.2.0/../../../../aarch64-none-elf/lib/pic\libg.a(lib_a-malloc.o)
                0x0000000000008bc8                free
 *fill*         0x0000000000008bec        0x4 
 .text._malloc_r
                0x0000000000008bf0      0x874 c:/msys2/opt/devkitpro/devkita64/bin/../lib/gcc/aarch64-none-elf/9.2.0/../../../../aarch64-none-elf/lib/pic\libg.a(lib_a-mallocr.o)
                0x0000000000008bf0                _malloc_r
 *fill*         0x0000000000009464       0x1c 
 .text          0x0000000000009480      0x16c c:/msys2/opt/devkitpro/devkita64/bin/../lib/gcc/aarch64-none-elf/9.2.0/../../../../aarch64-none-elf/lib/pic\libg.a(lib_a-memcpy.o)
                0x0000000000009480                memcpy
 *fill*         0x00000000000095ec       0x14 
 .text          0x0000000000009600      0x1dc c:/msys2/opt/devkitpro/devkita64/bin/../lib/gcc/aarch64-none-elf/9.2.0/../../../../aarch64-none-elf/lib/pic\libg.a(lib_a-memset.o)
                0x0000000000009600                memset
 *fill*         0x00000000000097dc        0x4 
 .text.__malloc_lock
                0x00000000000097e0        0xc c:/msys2/opt/devkitpro/devkita64/bin/../lib/gcc/aarch64-none-elf/9.2.0/../../../../aarch64-none-elf/lib/pic\libg.a(lib_a-mlock.o)
                0x00000000000097e0                __malloc_lock
 *fill*         0x00000000000097ec        0x4 
 .text.__malloc_unlock
                0x00000000000097f0        0xc c:/msys2/opt/devkitpro/devkita64/bin/../lib/gcc/aarch64-none-elf/9.2.0/../../../../aarch64-none-elf/lib/pic\libg.a(lib_a-mlock.o)
                0x00000000000097f0                __malloc_unlock
 *fill*         0x00000000000097fc        0x4 
 .text._raise_r
                0x0000000000009800       0xb4 c:/msys2/opt/devkitpro/devkita64/bin/../lib/gcc/aarch64-none-elf/9.2.0/../../../../aarch64-none-elf/lib/pic\libg.a(lib_a-signal.o)
                0x0000000000009800                _raise_r
 *fill*         0x00000000000098b4        0x4 
 .text.raise    0x00000000000098b8       0x24 c:/msys2/opt/devkitpro/devkita64/bin/../lib/gcc/aarch64-none-elf/9.2.0/../../../../aarch64-none-elf/lib/pic\libg.a(lib_a-signal.o)
                0x00000000000098b8                raise
 *fill*         0x00000000000098dc       0x24 
 .text          0x0000000000009900       0xe4 c:/msys2/opt/devkitpro/devkita64/bin/../lib/gcc/aarch64-none-elf/9.2.0/../../../../aarch64-none-elf/lib/pic\libg.a(lib_a-strcmp.o)
                0x0000000000009900                strcmp
 *fill*         0x00000000000099e4       0x1c 
 .text          0x0000000000009a00      0x140 c:/msys2/opt/devkitpro/devkita64/bin/../lib/gcc/aarch64-none-elf/9.2.0/../../../../aarch64-none-elf/lib/pic\libg.a(lib_a-strlen.o)
                0x0000000000009a00                strlen
 .text.__register_exitproc
                0x0000000000009b40       0xe0 c:/msys2/opt/devkitpro/devkita64/bin/../lib/gcc/aarch64-none-elf/9.2.0/../../../../aarch64-none-elf/lib/pic\libg.a(lib_a-__atexit.o)
                0x0000000000009b40                __register_exitproc
 .text.__call_exitprocs
                0x0000000000009c20      0x12c c:/msys2/opt/devkitpro/devkita64/bin/../lib/gcc/aarch64-none-elf/9.2.0/../../../../aarch64-none-elf/lib/pic\libg.a(lib_a-__call_atexit.o)
                0x0000000000009c20                __call_exitprocs
 *fill*         0x0000000000009d4c        0x4 
 .text._malloc_trim_r
                0x0000000000009d50      0x118 c:/msys2/opt/devkitpro/devkita64/bin/../lib/gcc/aarch64-none-elf/9.2.0/../../../../aarch64-none-elf/lib/pic\libg.a(lib_a-freer.o)
                0x0000000000009d50                _malloc_trim_r
 .text._free_r  0x0000000000009e68      0x300 c:/msys2/opt/devkitpro/devkita64/bin/../lib/gcc/aarch64-none-elf/9.2.0/../../../../aarch64-none-elf/lib/pic\libg.a(lib_a-freer.o)
                0x0000000000009e68                _free_r
 .text._getpid_r
                0x000000000000a168       0x14 c:/msys2/opt/devkitpro/devkita64/bin/../lib/gcc/aarch64-none-elf/9.2.0/../../../../aarch64-none-elf/lib/pic\libsysbase.a(getpid.o)
                0x000000000000a168                _getpid_r
 *fill*         0x000000000000a17c        0x4 
 .text._kill_r  0x000000000000a180       0x14 c:/msys2/opt/devkitpro/devkita64/bin/../lib/gcc/aarch64-none-elf/9.2.0/../../../../aarch64-none-elf/lib/pic\libsysbase.a(kill.o)
                0x000000000000a180                _kill_r
 *fill*         0x000000000000a194        0x4 
 .text._sbrk_r  0x000000000000a198       0x78 c:/msys2/opt/devkitpro/devkita64/bin/../lib/gcc/aarch64-none-elf/9.2.0/../../../../aarch64-none-elf/lib/pic\libsysbase.a(sbrk.o)
                0x000000000000a198                _sbrk_r
 .text._exit    0x000000000000a210       0x20 c:/msys2/opt/devkitpro/devkita64/bin/../lib/gcc/aarch64-none-elf/9.2.0/../../../../aarch64-none-elf/lib/pic\libsysbase.a(_exit.o)
                0x000000000000a210                _exit
 .text.__libc_lock_acquire
                0x000000000000a230       0x14 c:/msys2/opt/devkitpro/devkita64/bin/../lib/gcc/aarch64-none-elf/9.2.0/../../../../aarch64-none-elf/lib/pic\libsysbase.a(locks.o)
                0x000000000000a230                __libc_lock_acquire
 *fill*         0x000000000000a244        0x4 
 .text.__libc_lock_release
                0x000000000000a248       0x14 c:/msys2/opt/devkitpro/devkita64/bin/../lib/gcc/aarch64-none-elf/9.2.0/../../../../aarch64-none-elf/lib/pic\libsysbase.a(locks.o)
                0x000000000000a248                __libc_lock_release
 *fill*         0x000000000000a25c        0x4 
 .text.__libc_lock_acquire_recursive
                0x000000000000a260       0x14 c:/msys2/opt/devkitpro/devkita64/bin/../lib/gcc/aarch64-none-elf/9.2.0/../../../../aarch64-none-elf/lib/pic\libsysbase.a(locks.o)
                0x000000000000a260                __libc_lock_acquire_recursive
 *fill*         0x000000000000a274        0x4 
 .text.__libc_lock_release_recursive
                0x000000000000a278       0x14 c:/msys2/opt/devkitpro/devkita64/bin/../lib/gcc/aarch64-none-elf/9.2.0/../../../../aarch64-none-elf/lib/pic\libsysbase.a(locks.o)
                0x000000000000a278                __libc_lock_release_recursive
 *fill*         0x000000000000a28c        0x4 
 .text.__libc_cond_broadcast
                0x000000000000a290       0x18 c:/msys2/opt/devkitpro/devkita64/bin/../lib/gcc/aarch64-none-elf/9.2.0/../../../../aarch64-none-elf/lib/pic\libsysbase.a(locks.o)
                0x000000000000a290                __libc_cond_broadcast
 .text.__libc_cond_wait
                0x000000000000a2a8       0x18 c:/msys2/opt/devkitpro/devkita64/bin/../lib/gcc/aarch64-none-elf/9.2.0/../../../../aarch64-none-elf/lib/pic\libsysbase.a(locks.o)
                0x000000000000a2a8                __libc_cond_wait
 .text.__getreent
                0x000000000000a2c0       0x20 c:/msys2/opt/devkitpro/devkita64/bin/../lib/gcc/aarch64-none-elf/9.2.0/../../../../aarch64-none-elf/lib/pic\libsysbase.a(getreent.o)
                0x000000000000a2c0                __getreent
 .text.pthread_mutex_lock
                0x000000000000a2e0       0x70 c:/msys2/opt/devkitpro/devkita64/bin/../lib/gcc/aarch64-none-elf/9.2.0/../../../../aarch64-none-elf/lib/pic\libsysbase.a(pthread.o)
                0x000000000000a2e0                pthread_mutex_lock
 .text.pthread_mutex_unlock
                0x000000000000a350       0x70 c:/msys2/opt/devkitpro/devkita64/bin/../lib/gcc/aarch64-none-elf/9.2.0/../../../../aarch64-none-elf/lib/pic\libsysbase.a(pthread.o)
                0x000000000000a350                pthread_mutex_unlock
 .text.pthread_once
                0x000000000000a3c0       0xdc c:/msys2/opt/devkitpro/devkita64/bin/../lib/gcc/aarch64-none-elf/9.2.0/../../../../aarch64-none-elf/lib/pic\libsysbase.a(pthread.o)
                0x000000000000a3c0                pthread_once
 *fill*         0x000000000000a49c        0x4 
 .text.pthread_key_create
                0x000000000000a4a0       0x24 c:/msys2/opt/devkitpro/devkita64/bin/../lib/gcc/aarch64-none-elf/9.2.0/../../../../aarch64-none-elf/lib/pic\libsysbase.a(pthread.o)
                0x000000000000a4a0                pthread_key_create
 *fill*         0x000000000000a4c4        0x4 
 .text.pthread_setspecific
                0x000000000000a4c8       0x18 c:/msys2/opt/devkitpro/devkita64/bin/../lib/gcc/aarch64-none-elf/9.2.0/../../../../aarch64-none-elf/lib/pic\libsysbase.a(pthread.o)
                0x000000000000a4c8                pthread_setspecific
 .text.pthread_getspecific
                0x000000000000a4e0       0x18 c:/msys2/opt/devkitpro/devkita64/bin/../lib/gcc/aarch64-none-elf/9.2.0/../../../../aarch64-none-elf/lib/pic\libsysbase.a(pthread.o)
                0x000000000000a4e0                pthread_getspecific
 .text.pthread_key_delete
                0x000000000000a4f8       0x18 c:/msys2/opt/devkitpro/devkita64/bin/../lib/gcc/aarch64-none-elf/9.2.0/../../../../aarch64-none-elf/lib/pic\libsysbase.a(pthread.o)
                0x000000000000a4f8                pthread_key_delete
                0x000000000000a510                . = ALIGN (0x8)

.fini           0x000000000000a510       0x38
 *(.fini)
 .fini          0x000000000000a510       0x18 c:/msys2/opt/devkitpro/devkita64/bin/../lib/gcc/aarch64-none-elf/9.2.0/pic/crti.o
                0x000000000000a510                _fini
 .fini          0x000000000000a528       0x1c c:/msys2/opt/devkitpro/devkita64/bin/../lib/gcc/aarch64-none-elf/9.2.0/pic/crtn.o
                0x000000000000a548                . = ALIGN (0x8)
 *fill*         0x000000000000a544        0x4 
                0x000000000000b000                . = ALIGN (0x1000)

.rodata         0x000000000000b000      0xe08
 *(.rodata .rodata.* .gnu.linkonce.r.*)
 .rodata.str1.8
                0x000000000000b000      0x934 main.o
 *fill*         0x000000000000b934        0x4 
 .rodata._fatalImpl.str1.8
                0x000000000000b938        0x8 C:/Users/aehar/Desktop/projects/VSC_Projects/SwiTAS/sysmodule_application/saltynx_motion_plugin/lib/libnx_min/nx/lib\libnx_min.a(fatal.o)
 .rodata.smInitialize.str1.8
                0x000000000000b940        0x4 C:/Users/aehar/Desktop/projects/VSC_Projects/SwiTAS/sysmodule_application/saltynx_motion_plugin/lib/libnx_min/nx/lib\libnx_min.a(sm.o)
                                          0x9 (size before relaxing)
 *fill*         0x000000000000b944        0x4 
 .rodata._ZNSt7__cxx1112basic_stringIcSt11char_traitsIcESaIcEE9_M_createERmm.str1.8
                0x000000000000b948       0x18 c:/msys2/opt/devkitpro/devkita64/bin/../lib/gcc/aarch64-none-elf/9.2.0/../../../../aarch64-none-elf/lib/pic\libstdc++.a(string-inst.o)
 .rodata._ZNSt7__cxx1112basic_stringIcSt11char_traitsIcESaIcEE6appendERKS4_mm.str1.8
                0x000000000000b960       0x15 c:/msys2/opt/devkitpro/devkita64/bin/../lib/gcc/aarch64-none-elf/9.2.0/../../../../aarch64-none-elf/lib/pic\libstdc++.a(string-inst.o)
 *fill*         0x000000000000b975        0x3 
 .rodata._ZNKSt9bad_alloc4whatEv.str1.8
                0x000000000000b978        0xf c:/msys2/opt/devkitpro/devkita64/bin/../lib/gcc/aarch64-none-elf/9.2.0/../../../../aarch64-none-elf/lib/pic\libstdc++.a(bad_alloc.o)
 *fill*         0x000000000000b987        0x1 
 .rodata._ZTSSt9bad_alloc
                0x000000000000b988        0xd c:/msys2/opt/devkitpro/devkita64/bin/../lib/gcc/aarch64-none-elf/9.2.0/../../../../aarch64-none-elf/lib/pic\libstdc++.a(bad_alloc.o)
                0x000000000000b988                typeinfo name for std::bad_alloc
 *fill*         0x000000000000b995        0x3 
 .rodata._ZNK9__gnu_cxx24__concurrence_lock_error4whatEv.str1.8
                0x000000000000b998       0x24 c:/msys2/opt/devkitpro/devkita64/bin/../lib/gcc/aarch64-none-elf/9.2.0/../../../../aarch64-none-elf/lib/pic\libstdc++.a(eh_alloc.o)
 *fill*         0x000000000000b9bc        0x4 
 .rodata._ZNK9__gnu_cxx26__concurrence_unlock_error4whatEv.str1.8
                0x000000000000b9c0       0x26 c:/msys2/opt/devkitpro/devkita64/bin/../lib/gcc/aarch64-none-elf/9.2.0/../../../../aarch64-none-elf/lib/pic\libstdc++.a(eh_alloc.o)
 *fill*         0x000000000000b9e6        0x2 
 .rodata._ZTSN9__gnu_cxx24__concurrence_lock_errorE
                0x000000000000b9e8       0x27 c:/msys2/opt/devkitpro/devkita64/bin/../lib/gcc/aarch64-none-elf/9.2.0/../../../../aarch64-none-elf/lib/pic\libstdc++.a(eh_alloc.o)
                0x000000000000b9e8                typeinfo name for __gnu_cxx::__concurrence_lock_error
 *fill*         0x000000000000ba0f        0x1 
 .rodata._ZTSN9__gnu_cxx26__concurrence_unlock_errorE
                0x000000000000ba10       0x29 c:/msys2/opt/devkitpro/devkita64/bin/../lib/gcc/aarch64-none-elf/9.2.0/../../../../aarch64-none-elf/lib/pic\libstdc++.a(eh_alloc.o)
                0x000000000000ba10                typeinfo name for __gnu_cxx::__concurrence_unlock_error
 *fill*         0x000000000000ba39        0x7 
 .rodata._ZNKSt13bad_exception4whatEv.str1.8
                0x000000000000ba40       0x13 c:/msys2/opt/devkitpro/devkita64/bin/../lib/gcc/aarch64-none-elf/9.2.0/../../../../aarch64-none-elf/lib/pic\libstdc++.a(eh_exception.o)
 *fill*         0x000000000000ba53        0x5 
 .rodata._ZTSSt9exception
                0x000000000000ba58        0xd c:/msys2/opt/devkitpro/devkita64/bin/../lib/gcc/aarch64-none-elf/9.2.0/../../../../aarch64-none-elf/lib/pic\libstdc++.a(eh_exception.o)
                0x000000000000ba58                typeinfo name for std::exception
 *fill*         0x000000000000ba65        0x3 
 .rodata._ZTSSt13bad_exception
                0x000000000000ba68       0x12 c:/msys2/opt/devkitpro/devkita64/bin/../lib/gcc/aarch64-none-elf/9.2.0/../../../../aarch64-none-elf/lib/pic\libstdc++.a(eh_exception.o)
                0x000000000000ba68                typeinfo name for std::bad_exception
 *fill*         0x000000000000ba7a        0x6 
 .rodata._ZTSN10__cxxabiv115__forced_unwindE
                0x000000000000ba80       0x20 c:/msys2/opt/devkitpro/devkita64/bin/../lib/gcc/aarch64-none-elf/9.2.0/../../../../aarch64-none-elf/lib/pic\libstdc++.a(eh_exception.o)
                0x000000000000ba80                typeinfo name for __cxxabiv1::__forced_unwind
 .rodata._ZTSN10__cxxabiv119__foreign_exceptionE
                0x000000000000baa0       0x24 c:/msys2/opt/devkitpro/devkita64/bin/../lib/gcc/aarch64-none-elf/9.2.0/../../../../aarch64-none-elf/lib/pic\libstdc++.a(eh_exception.o)
                0x000000000000baa0                typeinfo name for __cxxabiv1::__foreign_exception
 *fill*         0x000000000000bac4        0x4 
 .rodata._ZTSN10__cxxabiv120__si_class_type_infoE
                0x000000000000bac8       0x25 c:/msys2/opt/devkitpro/devkita64/bin/../lib/gcc/aarch64-none-elf/9.2.0/../../../../aarch64-none-elf/lib/pic\libstdc++.a(si_class_type_info.o)
                0x000000000000bac8                typeinfo name for __cxxabiv1::__si_class_type_info
 *fill*         0x000000000000baed        0x3 
 .rodata._ZTSSt9type_info
                0x000000000000baf0        0xd c:/msys2/opt/devkitpro/devkita64/bin/../lib/gcc/aarch64-none-elf/9.2.0/../../../../aarch64-none-elf/lib/pic\libstdc++.a(tinfo.o)
                0x000000000000baf0                typeinfo name for std::type_info
 *fill*         0x000000000000bafd        0x3 
 .rodata._ZTSSt11logic_error
                0x000000000000bb00       0x10 c:/msys2/opt/devkitpro/devkita64/bin/../lib/gcc/aarch64-none-elf/9.2.0/../../../../aarch64-none-elf/lib/pic\libstdc++.a(stdexcept.o)
                0x000000000000bb00                typeinfo name for std::logic_error
 .rodata._ZTSSt12length_error
                0x000000000000bb10       0x11 c:/msys2/opt/devkitpro/devkita64/bin/../lib/gcc/aarch64-none-elf/9.2.0/../../../../aarch64-none-elf/lib/pic\libstdc++.a(stdexcept.o)
                0x000000000000bb10                typeinfo name for std::length_error
 *fill*         0x000000000000bb21        0x7 
 .rodata._ZNSs4_Rep9_S_createEmmRKSaIcE.str1.8
                0x000000000000bb28       0x18 c:/msys2/opt/devkitpro/devkita64/bin/../lib/gcc/aarch64-none-elf/9.2.0/../../../../aarch64-none-elf/lib/pic\libstdc++.a(cow-string-inst.o)
 .rodata._ZNSs12_S_constructIPcEES0_T_S1_RKSaIcESt20forward_iterator_tag.str1.8
                0x000000000000bb40       0x30 c:/msys2/opt/devkitpro/devkita64/bin/../lib/gcc/aarch64-none-elf/9.2.0/../../../../aarch64-none-elf/lib/pic\libstdc++.a(cow-string-inst.o)
                                         0x2a (size before relaxing)
 .rodata._ZTSN10__cxxabiv117__class_type_infoE
                0x000000000000bb70       0x22 c:/msys2/opt/devkitpro/devkita64/bin/../lib/gcc/aarch64-none-elf/9.2.0/../../../../aarch64-none-elf/lib/pic\libstdc++.a(class_type_info.o)
                0x000000000000bb70                typeinfo name for __cxxabiv1::__class_type_info
 *fill*         0x000000000000bb92        0x2 
 .rodata.execute_cfa_program
                0x000000000000bb94       0x60 c:/msys2/opt/devkitpro/devkita64/bin/../lib/gcc/aarch64-none-elf/9.2.0/pic\libgcc.a(unwind-dw2.o)
 .rodata.execute_stack_op
                0x000000000000bbf4      0x20a c:/msys2/opt/devkitpro/devkita64/bin/../lib/gcc/aarch64-none-elf/9.2.0/pic\libgcc.a(unwind-dw2.o)
 *fill*         0x000000000000bdfe        0x2 
 .rodata.terminator.9654
                0x000000000000be00        0x8 c:/msys2/opt/devkitpro/devkita64/bin/../lib/gcc/aarch64-none-elf/9.2.0/pic\libgcc.a(unwind-dw2-fde.o)
                0x000000000000be08                . = ALIGN (0x8)

.eh_frame_hdr   0x000000000000be08        0x0
                0x000000000000be08                __eh_frame_hdr_start = .
 *(.eh_frame_hdr)
 *(.eh_frame_entry .eh_frame_entry.*)
                0x000000000000be08                __eh_frame_hdr_end = .

.eh_frame       0x000000000000be08     0x26d4
 *(.eh_frame)
 .eh_frame      0x000000000000be08       0x80 c:/msys2/opt/devkitpro/devkita64/bin/../lib/gcc/aarch64-none-elf/9.2.0/pic/crtbegin.o
 .eh_frame      0x000000000000be88      0x4c8 main.o
                                        0x4e0 (size before relaxing)
 .eh_frame      0x000000000000c350       0x28 C:/Users/aehar/Desktop/projects/VSC_Projects/SwiTAS/sysmodule_application/saltynx_motion_plugin/lib/libnx_min/nx/lib\libnx_min.a(exception.o)
                                         0x40 (size before relaxing)
 .eh_frame      0x000000000000c378        0x0 C:/Users/aehar/Desktop/projects/VSC_Projects/SwiTAS/sysmodule_application/saltynx_motion_plugin/lib/libnx_min/nx/lib\libnx_min.a(argv.o)
                                         0xb8 (size before relaxing)
 .eh_frame      0x000000000000c378        0x0 C:/Users/aehar/Desktop/projects/VSC_Projects/SwiTAS/sysmodule_application/saltynx_motion_plugin/lib/libnx_min/nx/lib\libnx_min.a(env.o)
                                        0x1d8 (size before relaxing)
 .eh_frame      0x000000000000c378        0x0 C:/Users/aehar/Desktop/projects/VSC_Projects/SwiTAS/sysmodule_application/saltynx_motion_plugin/lib/libnx_min/nx/lib\libnx_min.a(init.o)
                                         0xb8 (size before relaxing)
 .eh_frame      0x000000000000c378        0x0 C:/Users/aehar/Desktop/projects/VSC_Projects/SwiTAS/sysmodule_application/saltynx_motion_plugin/lib/libnx_min/nx/lib\libnx_min.a(hosversion.o)
                                         0x40 (size before relaxing)
 .eh_frame      0x000000000000c378       0x18 C:/Users/aehar/Desktop/projects/VSC_Projects/SwiTAS/sysmodule_application/saltynx_motion_plugin/lib/libnx_min/nx/lib\libnx_min.a(dynamic.o)
                                         0x30 (size before relaxing)
 .eh_frame      0x000000000000c390        0x0 C:/Users/aehar/Desktop/projects/VSC_Projects/SwiTAS/sysmodule_application/saltynx_motion_plugin/lib/libnx_min/nx/lib\libnx_min.a(fs_dev.o)
                                        0x818 (size before relaxing)
 .eh_frame      0x000000000000c390        0x0 C:/Users/aehar/Desktop/projects/VSC_Projects/SwiTAS/sysmodule_application/saltynx_motion_plugin/lib/libnx_min/nx/lib\libnx_min.a(decode_utf8.o)
                                         0x28 (size before relaxing)
 .eh_frame      0x000000000000c390       0xf0 C:/Users/aehar/Desktop/projects/VSC_Projects/SwiTAS/sysmodule_application/saltynx_motion_plugin/lib/libnx_min/nx/lib\libnx_min.a(svc.o)
                                        0x7e8 (size before relaxing)
 .eh_frame      0x000000000000c480        0x0 C:/Users/aehar/Desktop/projects/VSC_Projects/SwiTAS/sysmodule_application/saltynx_motion_plugin/lib/libnx_min/nx/lib\libnx_min.a(readtp.o)
                                         0x28 (size before relaxing)
 .eh_frame      0x000000000000c480        0x0 C:/Users/aehar/Desktop/projects/VSC_Projects/SwiTAS/sysmodule_application/saltynx_motion_plugin/lib/libnx_min/nx/lib\libnx_min.a(virtmem.o)
                                        0x120 (size before relaxing)
 .eh_frame      0x000000000000c480       0x70 C:/Users/aehar/Desktop/projects/VSC_Projects/SwiTAS/sysmodule_application/saltynx_motion_plugin/lib/libnx_min/nx/lib\libnx_min.a(mutex.o)
                                         0xc0 (size before relaxing)
 .eh_frame      0x000000000000c4f0        0x0 C:/Users/aehar/Desktop/projects/VSC_Projects/SwiTAS/sysmodule_application/saltynx_motion_plugin/lib/libnx_min/nx/lib\libnx_min.a(fs.o)
                                        0xee0 (size before relaxing)
 .eh_frame      0x000000000000c4f0        0x0 C:/Users/aehar/Desktop/projects/VSC_Projects/SwiTAS/sysmodule_application/saltynx_motion_plugin/lib/libnx_min/nx/lib\libnx_min.a(set.o)
                                        0x550 (size before relaxing)
 .eh_frame      0x000000000000c4f0       0x60 C:/Users/aehar/Desktop/projects/VSC_Projects/SwiTAS/sysmodule_application/saltynx_motion_plugin/lib/libnx_min/nx/lib\libnx_min.a(fatal.o)
                                         0x88 (size before relaxing)
 .eh_frame      0x000000000000c550       0xe8 C:/Users/aehar/Desktop/projects/VSC_Projects/SwiTAS/sysmodule_application/saltynx_motion_plugin/lib/libnx_min/nx/lib\libnx_min.a(sm.o)
                                        0x1f0 (size before relaxing)
 .eh_frame      0x000000000000c638        0x0 C:/Users/aehar/Desktop/projects/VSC_Projects/SwiTAS/sysmodule_application/saltynx_motion_plugin/lib/libnx_min/nx/lib\libnx_min.a(hid.o)
                                        0xbf0 (size before relaxing)
 .eh_frame      0x000000000000c638        0x0 C:/Users/aehar/Desktop/projects/VSC_Projects/SwiTAS/sysmodule_application/saltynx_motion_plugin/lib/libnx_min/nx/lib\libnx_min.a(time.o)
                                        0x198 (size before relaxing)
 .eh_frame      0x000000000000c638        0x0 C:/Users/aehar/Desktop/projects/VSC_Projects/SwiTAS/sysmodule_application/saltynx_motion_plugin/lib/libnx_min/nx/lib\libnx_min.a(applet.o)
                                       0x1458 (size before relaxing)
 .eh_frame      0x000000000000c638      0x158 C:/Users/aehar/Desktop/projects/VSC_Projects/SwiTAS/sysmodule_application/saltynx_motion_plugin/lib/libnx_min/nx/lib\libnx_min.a(newlib.o)
                                        0x420 (size before relaxing)
 .eh_frame      0x000000000000c790       0x78 C:/Users/aehar/Desktop/projects/VSC_Projects/SwiTAS/sysmodule_application/saltynx_motion_plugin/lib/libnx_min/nx/lib\libnx_min.a(thread.o)
                                        0x1c8 (size before relaxing)
 .eh_frame      0x000000000000c808       0x30 C:/Users/aehar/Desktop/projects/VSC_Projects/SwiTAS/sysmodule_application/saltynx_motion_plugin/lib/libnx_min/nx/lib\libnx_min.a(condvar.o)
                                         0x48 (size before relaxing)
 .eh_frame      0x000000000000c838        0x0 C:/Users/aehar/Desktop/projects/VSC_Projects/SwiTAS/sysmodule_application/saltynx_motion_plugin/lib/libnx_min/nx/lib\libnx_min.a(event.o)
                                         0xc0 (size before relaxing)
 .eh_frame      0x000000000000c838        0x0 C:/Users/aehar/Desktop/projects/VSC_Projects/SwiTAS/sysmodule_application/saltynx_motion_plugin/lib/libnx_min/nx/lib\libnx_min.a(tmem.o)
                                        0x108 (size before relaxing)
 .eh_frame      0x000000000000c838        0x0 C:/Users/aehar/Desktop/projects/VSC_Projects/SwiTAS/sysmodule_application/saltynx_motion_plugin/lib/libnx_min/nx/lib\libnx_min.a(rwlock.o)
                                         0xc0 (size before relaxing)
 .eh_frame      0x000000000000c838        0x0 C:/Users/aehar/Desktop/projects/VSC_Projects/SwiTAS/sysmodule_application/saltynx_motion_plugin/lib/libnx_min/nx/lib\libnx_min.a(wait.o)
                                         0xc8 (size before relaxing)
 .eh_frame      0x000000000000c838        0x0 C:/Users/aehar/Desktop/projects/VSC_Projects/SwiTAS/sysmodule_application/saltynx_motion_plugin/lib/libnx_min/nx/lib\libnx_min.a(shmem.o)
                                         0xc8 (size before relaxing)
 .eh_frame      0x000000000000c838       0x68 C:/Users/aehar/Desktop/projects/VSC_Projects/SwiTAS/sysmodule_application/saltynx_motion_plugin/lib/libnx_min/nx/lib\libnx_min.a(detect.o)
                                         0xd8 (size before relaxing)
 .eh_frame      0x000000000000c8a0        0x0 C:/Users/aehar/Desktop/projects/VSC_Projects/SwiTAS/sysmodule_application/saltynx_motion_plugin/lib/libnx_min/nx/lib\libnx_min.a(apm.o)
                                        0x128 (size before relaxing)
 .eh_frame      0x000000000000c8a0       0x18 c:/msys2/opt/devkitpro/devkita64/bin/../lib/gcc/aarch64-none-elf/9.2.0/../../../../aarch64-none-elf/lib/pic\libstdc++.a(del_op.o)
                                         0x28 (size before relaxing)
 .eh_frame      0x000000000000c8b8       0xc8 c:/msys2/opt/devkitpro/devkita64/bin/../lib/gcc/aarch64-none-elf/9.2.0/../../../../aarch64-none-elf/lib/pic\libstdc++.a(string-inst.o)
                                       0x1558 (size before relaxing)
 .eh_frame      0x000000000000c980       0x60 c:/msys2/opt/devkitpro/devkita64/bin/../lib/gcc/aarch64-none-elf/9.2.0/../../../../aarch64-none-elf/lib/pic\libstdc++.a(eh_catch.o)
                                         0xc8 (size before relaxing)
 .eh_frame      0x000000000000c9e0       0xd8 c:/msys2/opt/devkitpro/devkita64/bin/../lib/gcc/aarch64-none-elf/9.2.0/../../../../aarch64-none-elf/lib/pic\libstdc++.a(eh_globals.o)
                                         0xf0 (size before relaxing)
 .eh_frame      0x000000000000cab8      0x1a8 c:/msys2/opt/devkitpro/devkita64/bin/../lib/gcc/aarch64-none-elf/9.2.0/../../../../aarch64-none-elf/lib/pic\libstdc++.a(eh_personality.o)
                                        0x1d8 (size before relaxing)
 .eh_frame      0x000000000000cc60       0x98 c:/msys2/opt/devkitpro/devkita64/bin/../lib/gcc/aarch64-none-elf/9.2.0/../../../../aarch64-none-elf/lib/pic\libstdc++.a(eh_terminate.o)
                                         0xf0 (size before relaxing)
 .eh_frame      0x000000000000ccf8       0x98 c:/msys2/opt/devkitpro/devkita64/bin/../lib/gcc/aarch64-none-elf/9.2.0/../../../../aarch64-none-elf/lib/pic\libstdc++.a(eh_throw.o)
                                         0xa8 (size before relaxing)
 .eh_frame      0x000000000000cd90       0x28 c:/msys2/opt/devkitpro/devkita64/bin/../lib/gcc/aarch64-none-elf/9.2.0/../../../../aarch64-none-elf/lib/pic\libstdc++.a(new_op.o)
                                         0x38 (size before relaxing)
 .eh_frame      0x000000000000cdb8       0x58 c:/msys2/opt/devkitpro/devkita64/bin/../lib/gcc/aarch64-none-elf/9.2.0/../../../../aarch64-none-elf/lib/pic\libstdc++.a(functexcept.o)
                                        0x1d8 (size before relaxing)
 .eh_frame      0x000000000000ce10        0x0 c:/msys2/opt/devkitpro/devkita64/bin/../lib/gcc/aarch64-none-elf/9.2.0/../../../../aarch64-none-elf/lib/pic\libstdc++.a(snprintf_lite.o)
                                         0xa0 (size before relaxing)
 .eh_frame      0x000000000000ce10       0x50 c:/msys2/opt/devkitpro/devkita64/bin/../lib/gcc/aarch64-none-elf/9.2.0/../../../../aarch64-none-elf/lib/pic\libstdc++.a(bad_alloc.o)
                                         0x60 (size before relaxing)
 .eh_frame      0x000000000000ce60        0x0 c:/msys2/opt/devkitpro/devkita64/bin/../lib/gcc/aarch64-none-elf/9.2.0/../../../../aarch64-none-elf/lib/pic\libstdc++.a(bad_cast.o)
                                         0x60 (size before relaxing)
 .eh_frame      0x000000000000ce60        0x0 c:/msys2/opt/devkitpro/devkita64/bin/../lib/gcc/aarch64-none-elf/9.2.0/../../../../aarch64-none-elf/lib/pic\libstdc++.a(bad_typeid.o)
                                         0x60 (size before relaxing)
 .eh_frame      0x000000000000ce60       0x18 c:/msys2/opt/devkitpro/devkita64/bin/../lib/gcc/aarch64-none-elf/9.2.0/../../../../aarch64-none-elf/lib/pic\libstdc++.a(del_ops.o)
                                         0x28 (size before relaxing)
 .eh_frame      0x000000000000ce78      0x188 c:/msys2/opt/devkitpro/devkita64/bin/../lib/gcc/aarch64-none-elf/9.2.0/../../../../aarch64-none-elf/lib/pic\libstdc++.a(eh_alloc.o)
                                        0x228 (size before relaxing)
 .eh_frame      0x000000000000d000       0x20 c:/msys2/opt/devkitpro/devkita64/bin/../lib/gcc/aarch64-none-elf/9.2.0/../../../../aarch64-none-elf/lib/pic\libstdc++.a(eh_call.o)
                                         0x30 (size before relaxing)
 .eh_frame      0x000000000000d020       0x60 c:/msys2/opt/devkitpro/devkita64/bin/../lib/gcc/aarch64-none-elf/9.2.0/../../../../aarch64-none-elf/lib/pic\libstdc++.a(eh_exception.o)
                                        0x170 (size before relaxing)
 .eh_frame      0x000000000000d080       0x18 c:/msys2/opt/devkitpro/devkita64/bin/../lib/gcc/aarch64-none-elf/9.2.0/../../../../aarch64-none-elf/lib/pic\libstdc++.a(new_handler.o)
                                         0x40 (size before relaxing)
 .eh_frame      0x000000000000d098        0x0 c:/msys2/opt/devkitpro/devkita64/bin/../lib/gcc/aarch64-none-elf/9.2.0/../../../../aarch64-none-elf/lib/pic\libstdc++.a(pure.o)
                                         0x48 (size before relaxing)
 .eh_frame      0x000000000000d098      0x130 c:/msys2/opt/devkitpro/devkita64/bin/../lib/gcc/aarch64-none-elf/9.2.0/../../../../aarch64-none-elf/lib/pic\libstdc++.a(si_class_type_info.o)
                                        0x140 (size before relaxing)
 .eh_frame      0x000000000000d1c8       0x28 c:/msys2/opt/devkitpro/devkita64/bin/../lib/gcc/aarch64-none-elf/9.2.0/../../../../aarch64-none-elf/lib/pic\libstdc++.a(tinfo.o)
                                         0x98 (size before relaxing)
 .eh_frame      0x000000000000d1f0       0x98 c:/msys2/opt/devkitpro/devkita64/bin/../lib/gcc/aarch64-none-elf/9.2.0/../../../../aarch64-none-elf/lib/pic\libstdc++.a(stdexcept.o)
                                        0x3c0 (size before relaxing)
 .eh_frame      0x000000000000d288       0x50 c:/msys2/opt/devkitpro/devkita64/bin/../lib/gcc/aarch64-none-elf/9.2.0/../../../../aarch64-none-elf/lib/pic\libstdc++.a(cow-stdexcept.o)
                                        0xa98 (size before relaxing)
 .eh_frame      0x000000000000d2d8       0xb8 c:/msys2/opt/devkitpro/devkita64/bin/../lib/gcc/aarch64-none-elf/9.2.0/../../../../aarch64-none-elf/lib/pic\libstdc++.a(cow-string-inst.o)
                                       0x16e0 (size before relaxing)
 .eh_frame      0x000000000000d390        0x0 c:/msys2/opt/devkitpro/devkita64/bin/../lib/gcc/aarch64-none-elf/9.2.0/../../../../aarch64-none-elf/lib/pic\libstdc++.a(sso_string.o)
                                        0x120 (size before relaxing)
 .eh_frame      0x000000000000d390      0x140 c:/msys2/opt/devkitpro/devkita64/bin/../lib/gcc/aarch64-none-elf/9.2.0/../../../../aarch64-none-elf/lib/pic\libstdc++.a(class_type_info.o)
                                        0x158 (size before relaxing)
 .eh_frame      0x000000000000d4d0      0x618 c:/msys2/opt/devkitpro/devkita64/bin/../lib/gcc/aarch64-none-elf/9.2.0/pic\libgcc.a(unwind-dw2.o)
                                        0x7d8 (size before relaxing)
 .eh_frame      0x000000000000dae8      0x4a0 c:/msys2/opt/devkitpro/devkita64/bin/../lib/gcc/aarch64-none-elf/9.2.0/pic\libgcc.a(unwind-dw2-fde.o)
                                        0x580 (size before relaxing)
 .eh_frame      0x000000000000df88       0x18 c:/msys2/opt/devkitpro/devkita64/bin/../lib/gcc/aarch64-none-elf/9.2.0/../../../../aarch64-none-elf/lib/pic\libg.a(lib_a-abort.o)
                                         0x30 (size before relaxing)
 .eh_frame      0x000000000000dfa0        0x0 c:/msys2/opt/devkitpro/devkita64/bin/../lib/gcc/aarch64-none-elf/9.2.0/../../../../aarch64-none-elf/lib/pic\libg.a(lib_a-bsearch.o)
                                         0x78 (size before relaxing)
 .eh_frame      0x000000000000dfa0        0x0 c:/msys2/opt/devkitpro/devkita64/bin/../lib/gcc/aarch64-none-elf/9.2.0/../../../../aarch64-none-elf/lib/pic\libg.a(lib_a-ctype_.o)
                                         0x28 (size before relaxing)
 .eh_frame      0x000000000000dfa0       0x18 c:/msys2/opt/devkitpro/devkita64/bin/../lib/gcc/aarch64-none-elf/9.2.0/../../../../aarch64-none-elf/lib/pic\libg.a(lib_a-cxa_atexit.o)
                                         0x28 (size before relaxing)
 .eh_frame      0x000000000000dfb8        0x0 c:/msys2/opt/devkitpro/devkita64/bin/../lib/gcc/aarch64-none-elf/9.2.0/../../../../aarch64-none-elf/lib/pic\libg.a(lib_a-errno.o)
                                         0x38 (size before relaxing)
 .eh_frame      0x000000000000dfb8       0x20 c:/msys2/opt/devkitpro/devkita64/bin/../lib/gcc/aarch64-none-elf/9.2.0/../../../../aarch64-none-elf/lib/pic\libg.a(lib_a-exit.o)
                                         0x30 (size before relaxing)
 .eh_frame      0x000000000000dfd8       0x28 c:/msys2/opt/devkitpro/devkita64/bin/../lib/gcc/aarch64-none-elf/9.2.0/../../../../aarch64-none-elf/lib/pic\libg.a(lib_a-fini.o)
                                         0x38 (size before relaxing)
 .eh_frame      0x000000000000e000        0x0 c:/msys2/opt/devkitpro/devkita64/bin/../lib/gcc/aarch64-none-elf/9.2.0/../../../../aarch64-none-elf/lib/pic\libg.a(lib_a-fopen.o)
                                         0x78 (size before relaxing)
 .eh_frame      0x000000000000e000        0x0 c:/msys2/opt/devkitpro/devkita64/bin/../lib/gcc/aarch64-none-elf/9.2.0/../../../../aarch64-none-elf/lib/pic\libg.a(lib_a-fseek.o)
                                         0x50 (size before relaxing)
 .eh_frame      0x000000000000e000        0x0 c:/msys2/opt/devkitpro/devkita64/bin/../lib/gcc/aarch64-none-elf/9.2.0/../../../../aarch64-none-elf/lib/pic\libg.a(lib_a-fseeko.o)
                                         0xb0 (size before relaxing)