Archive member included to satisfy reference by file (symbol)

C:/Users/aehar/Desktop/projects/VSC_Projects/SwiTAS/sysmodule_application/saltynx_motion_plugin/lib/libnx_min/nx/lib\libnx_min.a(switch_crt0.o)
                              (_start)
C:/Users/aehar/Desktop/projects/VSC_Projects/SwiTAS/sysmodule_application/saltynx_motion_plugin/lib/libnx_min/nx/lib\libnx_min.a(exception.o)
                              C:/Users/aehar/Desktop/projects/VSC_Projects/SwiTAS/sysmodule_application/saltynx_motion_plugin/lib/libnx_min/nx/lib\libnx_min.a(switch_crt0.o) (__libnx_exception_entry)
C:/Users/aehar/Desktop/projects/VSC_Projects/SwiTAS/sysmodule_application/saltynx_motion_plugin/lib/libnx_min/nx/lib\libnx_min.a(argv.o)
                              C:/Users/aehar/Desktop/projects/VSC_Projects/SwiTAS/sysmodule_application/saltynx_motion_plugin/lib/libnx_min/nx/lib\libnx_min.a(switch_crt0.o) (__system_argv)
C:/Users/aehar/Desktop/projects/VSC_Projects/SwiTAS/sysmodule_application/saltynx_motion_plugin/lib/libnx_min/nx/lib\libnx_min.a(env.o)
                              C:/Users/aehar/Desktop/projects/VSC_Projects/SwiTAS/sysmodule_application/saltynx_motion_plugin/lib/libnx_min/nx/lib\libnx_min.a(argv.o) (envIsNso)
C:/Users/aehar/Desktop/projects/VSC_Projects/SwiTAS/sysmodule_application/saltynx_motion_plugin/lib/libnx_min/nx/lib\libnx_min.a(init.o)
                              C:/Users/aehar/Desktop/projects/VSC_Projects/SwiTAS/sysmodule_application/saltynx_motion_plugin/lib/libnx_min/nx/lib\libnx_min.a(exception.o) (__nx_exceptiondump)
C:/Users/aehar/Desktop/projects/VSC_Projects/SwiTAS/sysmodule_application/saltynx_motion_plugin/lib/libnx_min/nx/lib\libnx_min.a(hosversion.o)
                              C:/Users/aehar/Desktop/projects/VSC_Projects/SwiTAS/sysmodule_application/saltynx_motion_plugin/lib/libnx_min/nx/lib\libnx_min.a(init.o) (hosversionSet)
C:/Users/aehar/Desktop/projects/VSC_Projects/SwiTAS/sysmodule_application/saltynx_motion_plugin/lib/libnx_min/nx/lib\libnx_min.a(dynamic.o)
                              C:/Users/aehar/Desktop/projects/VSC_Projects/SwiTAS/sysmodule_application/saltynx_motion_plugin/lib/libnx_min/nx/lib\libnx_min.a(switch_crt0.o) (__nx_dynamic)
C:/Users/aehar/Desktop/projects/VSC_Projects/SwiTAS/sysmodule_application/saltynx_motion_plugin/lib/libnx_min/nx/lib\libnx_min.a(fs_dev.o)
                              C:/Users/aehar/Desktop/projects/VSC_Projects/SwiTAS/sysmodule_application/saltynx_motion_plugin/lib/libnx_min/nx/lib\libnx_min.a(init.o) (fsdevMountSdmc)
C:/Users/aehar/Desktop/projects/VSC_Projects/SwiTAS/sysmodule_application/saltynx_motion_plugin/lib/libnx_min/nx/lib\libnx_min.a(decode_utf8.o)
                              C:/Users/aehar/Desktop/projects/VSC_Projects/SwiTAS/sysmodule_application/saltynx_motion_plugin/lib/libnx_min/nx/lib\libnx_min.a(fs_dev.o) (decode_utf8)
C:/Users/aehar/Desktop/projects/VSC_Projects/SwiTAS/sysmodule_application/saltynx_motion_plugin/lib/libnx_min/nx/lib\libnx_min.a(svc.o)
                              C:/Users/aehar/Desktop/projects/VSC_Projects/SwiTAS/sysmodule_application/saltynx_motion_plugin/lib/libnx_min/nx/lib\libnx_min.a(init.o) (svcSetHeapSize)
C:/Users/aehar/Desktop/projects/VSC_Projects/SwiTAS/sysmodule_application/saltynx_motion_plugin/lib/libnx_min/nx/lib\libnx_min.a(readtp.o)
                              C:/Users/aehar/Desktop/projects/VSC_Projects/SwiTAS/sysmodule_application/saltynx_motion_plugin/lib/libnx_min/nx/lib\libnx_min.a(fs_dev.o) (__aarch64_read_tp)
C:/Users/aehar/Desktop/projects/VSC_Projects/SwiTAS/sysmodule_application/saltynx_motion_plugin/lib/libnx_min/nx/lib\libnx_min.a(virtmem.o)
                              C:/Users/aehar/Desktop/projects/VSC_Projects/SwiTAS/sysmodule_application/saltynx_motion_plugin/lib/libnx_min/nx/lib\libnx_min.a(init.o) (virtmemSetup)
C:/Users/aehar/Desktop/projects/VSC_Projects/SwiTAS/sysmodule_application/saltynx_motion_plugin/lib/libnx_min/nx/lib\libnx_min.a(mutex.o)
                              C:/Users/aehar/Desktop/projects/VSC_Projects/SwiTAS/sysmodule_application/saltynx_motion_plugin/lib/libnx_min/nx/lib\libnx_min.a(virtmem.o) (mutexLock)
C:/Users/aehar/Desktop/projects/VSC_Projects/SwiTAS/sysmodule_application/saltynx_motion_plugin/lib/libnx_min/nx/lib\libnx_min.a(fs.o)
                              C:/Users/aehar/Desktop/projects/VSC_Projects/SwiTAS/sysmodule_application/saltynx_motion_plugin/lib/libnx_min/nx/lib\libnx_min.a(init.o) (fsInitialize)
C:/Users/aehar/Desktop/projects/VSC_Projects/SwiTAS/sysmodule_application/saltynx_motion_plugin/lib/libnx_min/nx/lib\libnx_min.a(set.o)
                              C:/Users/aehar/Desktop/projects/VSC_Projects/SwiTAS/sysmodule_application/saltynx_motion_plugin/lib/libnx_min/nx/lib\libnx_min.a(init.o) (setsysInitialize)
C:/Users/aehar/Desktop/projects/VSC_Projects/SwiTAS/sysmodule_application/saltynx_motion_plugin/lib/libnx_min/nx/lib\libnx_min.a(fatal.o)
[...]
Memory Configuration

Name             Origin             Length             Attributes
*default*        0x0000000000000000 0xffffffffffffffff

Linker script and memory map

                0x0000000000000000                PROVIDE (__start__ = 0x0)
                0x0000000000000000                . = __start__

.crt0           0x0000000000000000      0x158
 *(.crt0)
 .crt0          0x0000000000000000      0x158 C:/Users/aehar/Desktop/projects/VSC_Projects/SwiTAS/sysmodule_application/saltynx_motion_plugin/lib/libnx_min/nx/lib\libnx_min.a(switch_crt0.o)
                0x0000000000000000                _start
                0x0000000000000120                __nx_exit
                0x0000000000000130                __nx_mod0
                0x0000000000000158                . = ALIGN (0x8)

.init           0x0000000000000158       0x38
 *(.init)
 .init          0x0000000000000158       0x18 c:/msys2/opt/devkitpro/devkita64/bin/../lib/gcc/aarch64-none-elf/9.2.0/pic/crti.o
                0x0000000000000158                _init
 .init          0x0000000000000170       0x1c c:/msys2/opt/devkitpro/devkita64/bin/../lib/gcc/aarch64-none-elf/9.2.0/pic/crtn.o
                0x0000000000000190                . = ALIGN (0x8)
 *fill*         0x000000000000018c        0x4 

.plt            0x0000000000000190       0x50
 *(.plt)
 .plt           0x0000000000000190       0x50 c:/msys2/opt/devkitpro/devkita64/bin/../lib/gcc/aarch64-none-elf/9.2.0/pic/crti.o
 *(.iplt)
                0x00000000000001e0                . = ALIGN (0x8)

.text           0x00000000000001e0     0x1ab0
 *(.text.unlikely .text.*_unlikely .text.unlikely.*)
 *(.text.exit .text.exit.*)
 .text.exit     0x00000000000001e0       0x38 c:/msys2/opt/devkitpro/devkita64/bin/../lib/gcc/aarch64-none-elf/9.2.0/../../../../aarch64-none-elf/lib/pic\libg.a(lib_a-exit.o)
                0x00000000000001e0                exit
 *(.text.startup .text.startup.*)
 *fill*         0x0000000000000218        0x8 
 .text.startup  0x0000000000000220      0x1ac main.o
                0x0000000000000220                main
 *(.text.hot .text.hot.*)
 *(.text .stub .text.* .gnu.linkonce.t.*)
 *fill*         0x00000000000003cc        0x4 
 .text.deregister_tm_clones
                0x00000000000003d0       0x30 c:/msys2/opt/devkitpro/devkita64/bin/../lib/gcc/aarch64-none-elf/9.2.0/pic/crtbegin.o
 .text.register_tm_clones
                0x0000000000000400       0x40 c:/msys2/opt/devkitpro/devkita64/bin/../lib/gcc/aarch64-none-elf/9.2.0/pic/crtbegin.o
 .text.__do_global_dtors_aux
                0x0000000000000440       0x48 c:/msys2/opt/devkitpro/devkita64/bin/../lib/gcc/aarch64-none-elf/9.2.0/pic/crtbegin.o
 .text.frame_dummy
                0x0000000000000488       0x34 c:/msys2/opt/devkitpro/devkita64/bin/../lib/gcc/aarch64-none-elf/9.2.0/pic/crtbegin.o
 *fill*         0x00000000000004bc        0x4 
 .text          0x00000000000004c0      0x7e0 main.o
                0x00000000000004c0                EnableSixAxisSensorFusion(unsigned int*, bool)
                0x0000000000000530                GetSixAxisSensorFusionParameters(float*, float*, unsigned int*)
                0x00000000000005a0                GetSixAxisSensorHandle1(unsigned int*)
                0x0000000000000600                GetSixAxisSensorHandle2(unsigned int*, unsigned int)
                0x0000000000000670                GetSixAxisSensorHandles1(unsigned int*, unsigned int*, unsigned int)
                0x00000000000006e0                GetSixAxisSensorHandles2(unsigned int*, int, nn::hid::NpadIdType, unsigned int)
                0x0000000000000750                GetSixAxisSensorState(nn::hid::SixAxisSensorState*, unsigned int*)
                0x00000000000007c0                GetSixAxisSensorStates1(nn::hid::SixAxisSensorState*, int, unsigned int*)
                0x0000000000000830                GetSixAxisSensorStates2(nn::hid::SixAxisSensorState*, int, unsigned int*)
                0x00000000000008a0                InitializeConsoleSixAxisSensor()
                0x00000000000008f0                IsSixAxisSensorAtRest(unsigned int*)
                0x0000000000000950                IsSixAxisSensorFusionEnabled(unsigned int*)
                0x00000000000009b0                ResetSixAxisSensorFusionParameters(unsigned int*)
                0x0000000000000a10                SetSixAxisSensorFusionParameters(unsigned int*, float, float)
                0x0000000000000a80                StartSixAxisSensor1(unsigned int*)
                0x0000000000000ae0                StartSixAxisSensor2(unsigned int*)
                0x0000000000000b40                StopSixAxisSensor1(unsigned int*)
                0x0000000000000ba0                StopSixAxisSensor2(unsigned int*)
                0x0000000000000c00                __libnx_init
                0x0000000000000c50                __libnx_exit
 .text.__libnx_exception_entry
                0x0000000000000ca0      0x1c0 C:/Users/aehar/Desktop/projects/VSC_Projects/SwiTAS/sysmodule_application/saltynx_motion_plugin/lib/libnx_min/nx/lib\libnx_min.a(exception.o)
                0x0000000000000ca0                __libnx_exception_entry
 .text.__libnx_exception_returnentry
                0x0000000000000e60       0x18 C:/Users/aehar/Desktop/projects/VSC_Projects/SwiTAS/sysmodule_application/saltynx_motion_plugin/lib/libnx_min/nx/lib\libnx_min.a(exception.o)
                0x0000000000000e60                __libnx_exception_returnentry
 *fill*         0x0000000000000e78        0x8 
 .text.__nx_dynamic
                0x0000000000000e80       0xa0 C:/Users/aehar/Desktop/projects/VSC_Projects/SwiTAS/sysmodule_application/saltynx_motion_plugin/lib/libnx_min/nx/lib\libnx_min.a(dynamic.o)
                0x0000000000000e80                __nx_dynamic
 .text.svcExitProcess
                0x0000000000000f20        0x8 C:/Users/aehar/Desktop/projects/VSC_Projects/SwiTAS/sysmodule_application/saltynx_motion_plugin/lib/libnx_min/nx/lib\libnx_min.a(svc.o)
                0x0000000000000f20                svcExitProcess
 .text.svcSleepThread
                0x0000000000000f28        0x8 C:/Users/aehar/Desktop/projects/VSC_Projects/SwiTAS/sysmodule_application/saltynx_motion_plugin/lib/libnx_min/nx/lib\libnx_min.a(svc.o)
                0x0000000000000f28                svcSleepThread
 .text.svcCloseHandle
                0x0000000000000f30        0x8 C:/Users/aehar/Desktop/projects/VSC_Projects/SwiTAS/sysmodule_application/saltynx_motion_plugin/lib/libnx_min/nx/lib\libnx_min.a(svc.o)
                0x0000000000000f30                svcCloseHandle
 .text.svcArbitrateLock
                0x0000000000000f38        0x8 C:/Users/aehar/Desktop/projects/VSC_Projects/SwiTAS/sysmodule_application/saltynx_motion_plugin/lib/libnx_min/nx/lib\libnx_min.a(svc.o)
                0x0000000000000f38                svcArbitrateLock
 .text.svcArbitrateUnlock
                0x0000000000000f40        0x8 C:/Users/aehar/Desktop/projects/VSC_Projects/SwiTAS/sysmodule_application/saltynx_motion_plugin/lib/libnx_min/nx/lib\libnx_min.a(svc.o)
                0x0000000000000f40                svcArbitrateUnlock
 .text.svcConnectToNamedPort
                0x0000000000000f48       0x14 C:/Users/aehar/Desktop/projects/VSC_Projects/SwiTAS/sysmodule_application/saltynx_motion_plugin/lib/libnx_min/nx/lib\libnx_min.a(svc.o)
                0x0000000000000f48                svcConnectToNamedPort
 .text.svcSendSyncRequest
                0x0000000000000f5c        0x8 C:/Users/aehar/Desktop/projects/VSC_Projects/SwiTAS/sysmodule_application/saltynx_motion_plugin/lib/libnx_min/nx/lib\libnx_min.a(svc.o)
                0x0000000000000f5c                svcSendSyncRequest
 .text.svcBreak
                0x0000000000000f64        0x8 C:/Users/aehar/Desktop/projects/VSC_Projects/SwiTAS/sysmodule_application/saltynx_motion_plugin/lib/libnx_min/nx/lib\libnx_min.a(svc.o)
                0x0000000000000f64                svcBreak
 .text.svcReturnFromException
                0x0000000000000f6c        0x8 C:/Users/aehar/Desktop/projects/VSC_Projects/SwiTAS/sysmodule_application/saltynx_motion_plugin/lib/libnx_min/nx/lib\libnx_min.a(svc.o)
                0x0000000000000f6c                svcReturnFromException
 .text.svcGetInfo
                0x0000000000000f74       0x14 C:/Users/aehar/Desktop/projects/VSC_Projects/SwiTAS/sysmodule_application/saltynx_motion_plugin/lib/libnx_min/nx/lib\libnx_min.a(svc.o)
                0x0000000000000f74                svcGetInfo
 *fill*         0x0000000000000f88        0x8 
 .text.mutexLock
                0x0000000000000f90       0x8c C:/Users/aehar/Desktop/projects/VSC_Projects/SwiTAS/sysmodule_application/saltynx_motion_plugin/lib/libnx_min/nx/lib\libnx_min.a(mutex.o)
                0x0000000000000f90                mutexLock
 *fill*         0x000000000000101c        0x4 
 .text.mutexUnlock
                0x0000000000001020       0x30 C:/Users/aehar/Desktop/projects/VSC_Projects/SwiTAS/sysmodule_application/saltynx_motion_plugin/lib/libnx_min/nx/lib\libnx_min.a(mutex.o)
                0x0000000000001020                mutexUnlock
 .text.rmutexLock
                0x0000000000001050       0x4c C:/Users/aehar/Desktop/projects/VSC_Projects/SwiTAS/sysmodule_application/saltynx_motion_plugin/lib/libnx_min/nx/lib\libnx_min.a(mutex.o)
                0x0000000000001050                rmutexLock
 *fill*         0x000000000000109c        0x4 
 .text.rmutexUnlock
                0x00000000000010a0       0x1c C:/Users/aehar/Desktop/projects/VSC_Projects/SwiTAS/sysmodule_application/saltynx_motion_plugin/lib/libnx_min/nx/lib\libnx_min.a(mutex.o)
                0x00000000000010a0                rmutexUnlock
 *fill*         0x00000000000010bc        0x4 
 .text._fatalImpl
                0x00000000000010c0      0x140 C:/Users/aehar/Desktop/projects/VSC_Projects/SwiTAS/sysmodule_application/saltynx_motion_plugin/lib/libnx_min/nx/lib\libnx_min.a(fatal.o)
 .text.fatalWithType
                0x0000000000001200       0x14 C:/Users/aehar/Desktop/projects/VSC_Projects/SwiTAS/sysmodule_application/saltynx_motion_plugin/lib/libnx_min/nx/lib\libnx_min.a(fatal.o)
                0x0000000000001200                fatalWithType
 *fill*         0x0000000000001214        0xc 
 .text.fatalSimple
                0x0000000000001220       0x14 C:/Users/aehar/Desktop/projects/VSC_Projects/SwiTAS/sysmodule_application/saltynx_motion_plugin/lib/libnx_min/nx/lib\libnx_min.a(fatal.o)
                0x0000000000001220                fatalSimple
 *fill*         0x0000000000001234        0xc 
 .text.ipcCloseObjectById
                0x0000000000001240       0x34 C:/Users/aehar/Desktop/projects/VSC_Projects/SwiTAS/sysmodule_application/saltynx_motion_plugin/lib/libnx_min/nx/lib\libnx_min.a(sm.o)
 *fill*         0x0000000000001274        0xc 
 .text.smHasInitialized
                0x0000000000001280       0x14 C:/Users/aehar/Desktop/projects/VSC_Projects/SwiTAS/sysmodule_application/saltynx_motion_plugin/lib/libnx_min/nx/lib\libnx_min.a(sm.o)
                0x0000000000001280                smHasInitialized
 *fill*         0x0000000000001294        0xc 
 .text.smExit   0x00000000000012a0       0x9c C:/Users/aehar/Desktop/projects/VSC_Projects/SwiTAS/sysmodule_application/saltynx_motion_plugin/lib/libnx_min/nx/lib\libnx_min.a(sm.o)
                0x00000000000012a0                smExit
 *fill*         0x000000000000133c        0x4 
 .text.smEncodeName
                0x0000000000001340       0x38 C:/Users/aehar/Desktop/projects/VSC_Projects/SwiTAS/sysmodule_application/saltynx_motion_plugin/lib/libnx_min/nx/lib\libnx_min.a(sm.o)
                0x0000000000001340                smEncodeName
 *fill*         0x0000000000001378        0x8 
 .text.smGetServiceOriginal
                0x0000000000001380      0x22c C:/Users/aehar/Desktop/projects/VSC_Projects/SwiTAS/sysmodule_application/saltynx_motion_plugin/lib/libnx_min/nx/lib\libnx_min.a(sm.o)
                0x0000000000001380                smGetServiceOriginal
 *fill*         0x00000000000015ac        0x4 
 .text.smInitialize
                0x00000000000015b0      0x27c C:/Users/aehar/Desktop/projects/VSC_Projects/SwiTAS/sysmodule_application/saltynx_motion_plugin/lib/libnx_min/nx/lib\libnx_min.a(sm.o)
                0x00000000000015b0                smInitialize
 *fill*         0x000000000000182c        0x4 
 .text.__syscall_exit
                0x0000000000001830       0x1c C:/Users/aehar/Desktop/projects/VSC_Projects/SwiTAS/sysmodule_application/saltynx_motion_plugin/lib/libnx_min/nx/lib\libnx_min.a(newlib.o)
                0x0000000000001830                __syscall_exit
 *fill*         0x000000000000184c        0x4 
 .text.__syscall_lock_acquire_recursive
                0x0000000000001850        0x4 C:/Users/aehar/Desktop/projects/VSC_Projects/SwiTAS/sysmodule_application/saltynx_motion_plugin/lib/libnx_min/nx/lib\libnx_min.a(newlib.o)
                0x0000000000001850                __syscall_lock_acquire_recursive
 *fill*         0x0000000000001854        0xc 
 .text.__syscall_lock_release_recursive
                0x0000000000001860        0x4 C:/Users/aehar/Desktop/projects/VSC_Projects/SwiTAS/sysmodule_application/saltynx_motion_plugin/lib/libnx_min/nx/lib\libnx_min.a(newlib.o)
                0x0000000000001860                __syscall_lock_release_recursive
 *fill*         0x0000000000001864        0xc 
 .text.detectKernelVersion
                0x0000000000001870      0x17c C:/Users/aehar/Desktop/projects/VSC_Projects/SwiTAS/sysmodule_application/saltynx_motion_plugin/lib/libnx_min/nx/lib\libnx_min.a(detect.o)
                0x0000000000001870                detectKernelVersion
 *fill*         0x00000000000019ec        0x4 
 .text.detectDebugger
                0x00000000000019f0       0x30 C:/Users/aehar/Desktop/projects/VSC_Projects/SwiTAS/sysmodule_application/saltynx_motion_plugin/lib/libnx_min/nx/lib\libnx_min.a(detect.o)
                0x00000000000019f0                detectDebugger
 .text.__libc_fini_array
                0x0000000000001a20       0x4c c:/msys2/opt/devkitpro/devkita64/bin/../lib/gcc/aarch64-none-elf/9.2.0/../../../../aarch64-none-elf/lib/pic\libg.a(lib_a-fini.o)
                0x0000000000001a20                __libc_fini_array
 *fill*         0x0000000000001a6c        0x4 
 .text.__libc_init_array
                0x0000000000001a70       0x9c c:/msys2/opt/devkitpro/devkita64/bin/../lib/gcc/aarch64-none-elf/9.2.0/../../../../aarch64-none-elf/lib/pic\libg.a(lib_a-init.o)
                0x0000000000001a70                __libc_init_array
 *fill*         0x0000000000001b0c        0x4 
 .text.__call_exitprocs
                0x0000000000001b10      0x12c c:/msys2/opt/devkitpro/devkita64/bin/../lib/gcc/aarch64-none-elf/9.2.0/../../../../aarch64-none-elf/lib/pic\libg.a(lib_a-__call_atexit.o)
                0x0000000000001b10                __call_exitprocs
 *fill*         0x0000000000001c3c        0x4 
 .text._exit    0x0000000000001c40       0x20 c:/msys2/opt/devkitpro/devkita64/bin/../lib/gcc/aarch64-none-elf/9.2.0/../../../../aarch64-none-elf/lib/pic\libsysbase.a(_exit.o)
                0x0000000000001c40                _exit
 .text.__libc_lock_acquire_recursive
                0x0000000000001c60       0x14 c:/msys2/opt/devkitpro/devkita64/bin/../lib/gcc/aarch64-none-elf/9.2.0/../../../../aarch64-none-elf/lib/pic\libsysbase.a(locks.o)
                0x0000000000001c60                __libc_lock_acquire_recursive
 *fill*         0x0000000000001c74        0x4 
 .text.__libc_lock_release_recursive
                0x0000000000001c78       0x14 c:/msys2/opt/devkitpro/devkita64/bin/../lib/gcc/aarch64-none-elf/9.2.0/../../../../aarch64-none-elf/lib/pic\libsysbase.a(locks.o)
                0x0000000000001c78                __libc_lock_release_recursive
                0x0000000000001c90                . = ALIGN (0x8)
 *fill*         0x0000000000001c8c        0x4 

.fini           0x0000000000001c90       0x38
 *(.fini)
 .fini          0x0000000000001c90       0x18 c:/msys2/opt/devkitpro/devkita64/bin/../lib/gcc/aarch64-none-elf/9.2.0/pic/crti.o
                0x0000000000001c90                _fini
 .fini          0x0000000000001ca8       0x1c c:/msys2/opt/devkitpro/devkita64/bin/../lib/gcc/aarch64-none-elf/9.2.0/pic/crtn.o
                0x0000000000001cc8                . = ALIGN (0x8)
 *fill*         0x0000000000001cc4        0x4 
                0x0000000000002000                . = ALIGN (0x1000)

.rodata         0x0000000000002000      0xa10
 *(.rodata .rodata.* .gnu.linkonce.r.*)
 .rodata.str1.8
                0x0000000000002000      0x9f9 main.o
 *fill*         0x00000000000029f9        0x7 
 .rodata._fatalImpl.str1.8
                0x0000000000002a00        0x8 C:/Users/aehar/Desktop/projects/VSC_Projects/SwiTAS/sysmodule_application/saltynx_motion_plugin/lib/libnx_min/nx/lib\libnx_min.a(fatal.o)
 .rodata.smInitialize.str1.8
                0x0000000000002a08        0x8 C:/Users/aehar/Desktop/projects/VSC_Projects/SwiTAS/sysmodule_application/saltynx_motion_plugin/lib/libnx_min/nx/lib\libnx_min.a(sm.o)
                                          0x9 (size before relaxing)
                0x0000000000002a10                . = ALIGN (0x8)

.eh_frame_hdr   0x0000000000002a10        0x0
                0x0000000000002a10                __eh_frame_hdr_start = .
 *(.eh_frame_hdr)
 *(.eh_frame_entry .eh_frame_entry.*)
                0x0000000000002a10                __eh_frame_hdr_end = .

.eh_frame       0x0000000000002a10      0x86c
 *(.eh_frame)
 .eh_frame      0x0000000000002a10       0x80 c:/msys2/opt/devkitpro/devkita64/bin/../lib/gcc/aarch64-none-elf/9.2.0/pic/crtbegin.o
 .eh_frame      0x0000000000002a90      0x368 main.o
                                        0x380 (size before relaxing)
 .eh_frame      0x0000000000002df8       0x28 C:/Users/aehar/Desktop/projects/VSC_Projects/SwiTAS/sysmodule_application/saltynx_motion_plugin/lib/libnx_min/nx/lib\libnx_min.a(exception.o)
                                         0x40 (size before relaxing)
 .eh_frame      0x0000000000002e20        0x0 C:/Users/aehar/Desktop/projects/VSC_Projects/SwiTAS/sysmodule_application/saltynx_motion_plugin/lib/libnx_min/nx/lib\libnx_min.a(argv.o)
                                         0xb8 (size before relaxing)
 .eh_frame      0x0000000000002e20        0x0 C:/Users/aehar/Desktop/projects/VSC_Projects/SwiTAS/sysmodule_application/saltynx_motion_plugin/lib/libnx_min/nx/lib\libnx_min.a(env.o)
                                        0x1d8 (size before relaxing)
 .eh_frame      0x0000000000002e20        0x0 C:/Users/aehar/Desktop/projects/VSC_Projects/SwiTAS/sysmodule_application/saltynx_motion_plugin/lib/libnx_min/nx/lib\libnx_min.a(init.o)
                                         0xb8 (size before relaxing)
 .eh_frame      0x0000000000002e20        0x0 C:/Users/aehar/Desktop/projects/VSC_Projects/SwiTAS/sysmodule_application/saltynx_motion_plugin/lib/libnx_min/nx/lib\libnx_min.a(hosversion.o)
                                         0x40 (size before relaxing)
 .eh_frame      0x0000000000002e20       0x18 C:/Users/aehar/Desktop/projects/VSC_Projects/SwiTAS/sysmodule_application/saltynx_motion_plugin/lib/libnx_min/nx/lib\libnx_min.a(dynamic.o)
                                         0x30 (size before relaxing)
 .eh_frame      0x0000000000002e38        0x0 C:/Users/aehar/Desktop/projects/VSC_Projects/SwiTAS/sysmodule_application/saltynx_motion_plugin/lib/libnx_min/nx/lib\libnx_min.a(fs_dev.o)
                                        0x818 (size before relaxing)
 .eh_frame      0x0000000000002e38        0x0 C:/Users/aehar/Desktop/projects/VSC_Projects/SwiTAS/sysmodule_application/saltynx_motion_plugin/lib/libnx_min/nx/lib\libnx_min.a(decode_utf8.o)
                                         0x28 (size before relaxing)
 .eh_frame      0x0000000000002e38       0xc8 C:/Users/aehar/Desktop/projects/VSC_Projects/SwiTAS/sysmodule_application/saltynx_motion_plugin/lib/libnx_min/nx/lib\libnx_min.a(svc.o)
                                        0x7e8 (size before relaxing)
 .eh_frame      0x0000000000002f00        0x0 C:/Users/aehar/Desktop/projects/VSC_Projects/SwiTAS/sysmodule_application/saltynx_motion_plugin/lib/libnx_min/nx/lib\libnx_min.a(readtp.o)
                                         0x28 (size before relaxing)
 .eh_frame      0x0000000000002f00        0x0 C:/Users/aehar/Desktop/projects/VSC_Projects/SwiTAS/sysmodule_application/saltynx_motion_plugin/lib/libnx_min/nx/lib\libnx_min.a(virtmem.o)
                                        0x120 (size before relaxing)
 .eh_frame      0x0000000000002f00       0x70 C:/Users/aehar/Desktop/projects/VSC_Projects/SwiTAS/sysmodule_application/saltynx_motion_plugin/lib/libnx_min/nx/lib\libnx_min.a(mutex.o)
                                         0xc0 (size before relaxing)
 .eh_frame      0x0000000000002f70        0x0 C:/Users/aehar/Desktop/projects/VSC_Projects/SwiTAS/sysmodule_application/saltynx_motion_plugin/lib/libnx_min/nx/lib\libnx_min.a(fs.o)
                                        0xee0 (size before relaxing)
 .eh_frame      0x0000000000002f70        0x0 C:/Users/aehar/Desktop/projects/VSC_Projects/SwiTAS/sysmodule_application/saltynx_motion_plugin/lib/libnx_min/nx/lib\libnx_min.a(set.o)
                                        0x550 (size before relaxing)
 .eh_frame      0x0000000000002f70       0x60 C:/Users/aehar/Desktop/projects/VSC_Projects/SwiTAS/sysmodule_application/saltynx_motion_plugin/lib/libnx_min/nx/lib\libnx_min.a(fatal.o)
                                         0x88 (size before relaxing)
 .eh_frame      0x0000000000002fd0       0xe8 C:/Users/aehar/Desktop/projects/VSC_Projects/SwiTAS/sysmodule_application/saltynx_motion_plugin/lib/libnx_min/nx/lib\libnx_min.a(sm.o)
                                        0x1f0 (size before relaxing)
 .eh_frame      0x00000000000030b8        0x0 C:/Users/aehar/Desktop/projects/VSC_Projects/SwiTAS/sysmodule_application/saltynx_motion_plugin/lib/libnx_min/nx/lib\libnx_min.a(hid.o)
                                        0xbf0 (size before relaxing)
 .eh_frame      0x00000000000030b8        0x0 C:/Users/aehar/Desktop/projects/VSC_Projects/SwiTAS/sysmodule_application/saltynx_motion_plugin/lib/libnx_min/nx/lib\libnx_min.a(time.o)
                                        0x198 (size before relaxing)
 .eh_frame      0x00000000000030b8        0x0 C:/Users/aehar/Desktop/projects/VSC_Projects/SwiTAS/sysmodule_application/saltynx_motion_plugin/lib/libnx_min/nx/lib\libnx_min.a(applet.o)
                                       0x1458 (size before relaxing)
 .eh_frame      0x00000000000030b8       0x48 C:/Users/aehar/Desktop/projects/VSC_Projects/SwiTAS/sysmodule_application/saltynx_motion_plugin/lib/libnx_min/nx/lib\libnx_min.a(newlib.o)
                                        0x420 (size before relaxing)
 .eh_frame      0x0000000000003100        0x0 C:/Users/aehar/Desktop/projects/VSC_Projects/SwiTAS/sysmodule_application/saltynx_motion_plugin/lib/libnx_min/nx/lib\libnx_min.a(thread.o)
                                        0x1c8 (size before relaxing)
 .eh_frame      0x0000000000003100        0x0 C:/Users/aehar/Desktop/projects/VSC_Projects/SwiTAS/sysmodule_application/saltynx_motion_plugin/lib/libnx_min/nx/lib\libnx_min.a(condvar.o)
                                         0x48 (size before relaxing)
 .eh_frame      0x0000000000003100        0x0 C:/Users/aehar/Desktop/projects/VSC_Projects/SwiTAS/sysmodule_application/saltynx_motion_plugin/lib/libnx_min/nx/lib\libnx_min.a(event.o)
                                         0xc0 (size before relaxing)
 .eh_frame      0x0000000000003100        0x0 C:/Users/aehar/Desktop/projects/VSC_Projects/SwiTAS/sysmodule_application/saltynx_motion_plugin/lib/libnx_min/nx/lib\libnx_min.a(tmem.o)
                                        0x108 (size before relaxing)
 .eh_frame      0x0000000000003100        0x0 C:/Users/aehar/Desktop/projects/VSC_Projects/SwiTAS/sysmodule_application/saltynx_motion_plugin/lib/libnx_min/nx/lib\libnx_min.a(rwlock.o)
                                         0xc0 (size before relaxing)
 .eh_frame      0x0000000000003100        0x0 C:/Users/aehar/Desktop/projects/VSC_Projects/SwiTAS/sysmodule_application/saltynx_motion_plugin/lib/libnx_min/nx/lib\libnx_min.a(wait.o)
                                         0xc8 (size before relaxing)
 .eh_frame      0x0000000000003100        0x0 C:/Users/aehar/Desktop/projects/VSC_Projects/SwiTAS/sysmodule_application/saltynx_motion_plugin/lib/libnx_min/nx/lib\libnx_min.a(shmem.o)
                                         0xc8 (size before relaxing)
 .eh_frame      0x0000000000003100       0x68 C:/Users/aehar/Desktop/projects/VSC_Projects/SwiTAS/sysmodule_application/saltynx_motion_plugin/lib/libnx_min/nx/lib\libnx_min.a(detect.o)
                                         0xd8 (size before relaxing)
 .eh_frame      0x0000000000003168        0x0 C:/Users/aehar/Desktop/projects/VSC_Projects/SwiTAS/sysmodule_application/saltynx_motion_plugin/lib/libnx_min/nx/lib\libnx_min.a(apm.o)
                                        0x128 (size before relaxing)
 .eh_frame      0x0000000000003168        0x0 c:/msys2/opt/devkitpro/devkita64/bin/../lib/gcc/aarch64-none-elf/9.2.0/../../../../aarch64-none-elf/lib/pic\libg.a(lib_a-bsearch.o)
                                         0x78 (size before relaxing)
 .eh_frame      0x0000000000003168        0x0 c:/msys2/opt/devkitpro/devkita64/bin/../lib/gcc/aarch64-none-elf/9.2.0/../../../../aarch64-none-elf/lib/pic\libg.a(lib_a-ctype_.o)
                                         0x28 (size before relaxing)
 .eh_frame      0x0000000000003168        0x0 c:/msys2/opt/devkitpro/devkita64/bin/../lib/gcc/aarch64-none-elf/9.2.0/../../../../aarch64-none-elf/lib/pic\libg.a(lib_a-errno.o)
                                         0x38 (size before relaxing)
 .eh_frame      0x0000000000003168       0x20 c:/msys2/opt/devkitpro/devkita64/bin/../lib/gcc/aarch64-none-elf/9.2.0/../../../../aarch64-none-elf/lib/pic\libg.a(lib_a-exit.o)
                                         0x30 (size before relaxing)
 .eh_frame      0x0000000000003188       0x28 c:/msys2/opt/devkitpro/devkita64/bin/../lib/gcc/aarch64-none-elf/9.2.0/../../../../aarch64-none-elf/lib/pic\libg.a(lib_a-fini.o)
                                         0x38 (size before relaxing)
 .eh_frame      0x00000000000031b0       0x28 c:/msys2/opt/devkitpro/devkita64/bin/../lib/gcc/aarch64-none-elf/9.2.0/../../../../aarch64-none-elf/lib/pic\libg.a(lib_a-init.o)
                                         0x40 (size before relaxing)
 .eh_frame      0x00000000000031d8        0x0 c:/msys2/opt/devkitpro/devkita64/bin/../lib/gcc/aarch64-none-elf/9.2.0/../../../../aarch64-none-elf/lib/pic\libg.a(lib_a-malign.o)
                                         0x38 (size before relaxing)
 .eh_frame      0x00000000000031d8        0x0 c:/msys2/opt/devkitpro/devkita64/bin/../lib/gcc/aarch64-none-elf/9.2.0/../../../../aarch64-none-elf/lib/pic\libg.a(lib_a-malignr.o)
                                         0x60 (size before relaxing)
 .eh_frame      0x00000000000031d8        0x0 c:/msys2/opt/devkitpro/devkita64/bin/../lib/gcc/aarch64-none-elf/9.2.0/../../../../aarch64-none-elf/lib/pic\libg.a(lib_a-malloc.o)
                                         0x60 (size before relaxing)
 .eh_frame      0x00000000000031d8        0x0 c:/msys2/opt/devkitpro/devkita64/bin/../lib/gcc/aarch64-none-elf/9.2.0/../../../../aarch64-none-elf/lib/pic\libg.a(lib_a-mallocr.o)
                                         0xe0 (size before relaxing)
 .eh_frame      0x00000000000031d8        0x0 c:/msys2/opt/devkitpro/devkita64/bin/../lib/gcc/aarch64-none-elf/9.2.0/../../../../aarch64-none-elf/lib/pic\libg.a(lib_a-mlock.o)
                                         0x40 (size before relaxing)
 .eh_frame      0x00000000000031d8        0x0 c:/msys2/opt/devkitpro/devkita64/bin/../lib/gcc/aarch64-none-elf/9.2.0/../../../../aarch64-none-elf/lib/pic\libg.a(lib_a-setenv.o)
                                         0x60 (size before relaxing)
 .eh_frame      0x00000000000031d8        0x0 c:/msys2/opt/devkitpro/devkita64/bin/../lib/gcc/aarch64-none-elf/9.2.0/../../../../aarch64-none-elf/lib/pic\libg.a(lib_a-setenv_r.o)
                                         0xc8 (size before relaxing)
 .eh_frame      0x00000000000031d8        0x0 c:/msys2/opt/devkitpro/devkita64/bin/../lib/gcc/aarch64-none-elf/9.2.0/../../../../aarch64-none-elf/lib/pic\libg.a(lib_a-strncat.o)
                                         0x28 (size before relaxing)
 .eh_frame      0x00000000000031d8        0x0 c:/msys2/opt/devkitpro/devkita64/bin/../lib/gcc/aarch64-none-elf/9.2.0/../../../../aarch64-none-elf/lib/pic\libg.a(lib_a-strncpy.o)
                                         0x28 (size before relaxing)
 .eh_frame      0x00000000000031d8       0x58 c:/msys2/opt/devkitpro/devkita64/bin/../lib/gcc/aarch64-none-elf/9.2.0/../../../../aarch64-none-elf/lib/pic\libg.a(lib_a-__call_atexit.o)
                                         0x70 (size before relaxing)
 .eh_frame      0x0000000000003230        0x0 c:/msys2/opt/devkitpro/devkita64/bin/../lib/gcc/aarch64-none-elf/9.2.0/../../../../aarch64-none-elf/lib/pic\libg.a(lib_a-envlock.o)
                                         0x40 (size before relaxing)
 .eh_frame      0x0000000000003230        0x0 c:/msys2/opt/devkitpro/devkita64/bin/../lib/gcc/aarch64-none-elf/9.2.0/../../../../aarch64-none-elf/lib/pic\libg.a(lib_a-freer.o)
                                         0xa0 (size before relaxing)
 .eh_frame      0x0000000000003230        0x0 c:/msys2/opt/devkitpro/devkita64/bin/../lib/gcc/aarch64-none-elf/9.2.0/../../../../aarch64-none-elf/lib/pic\libg.a(lib_a-getenv_r.o)
                                         0x90 (size before relaxing)
 .eh_frame      0x0000000000003230        0x0 c:/msys2/opt/devkitpro/devkita64/bin/../lib/gcc/aarch64-none-elf/9.2.0/../../../../aarch64-none-elf/lib/pic\libg.a(lib_a-reallocr.o)
                                        0x108 (size before relaxing)
 .eh_frame      0x0000000000003230        0x0 c:/msys2/opt/devkitpro/devkita64/bin/../lib/gcc/aarch64-none-elf/9.2.0/../../../../aarch64-none-elf/lib/pic\libsysbase.a(iosupport.o)
                                        0x130 (size before relaxing)
 .eh_frame      0x0000000000003230        0x0 c:/msys2/opt/devkitpro/devkita64/bin/../lib/gcc/aarch64-none-elf/9.2.0/../../../../aarch64-none-elf/lib/pic\libsysbase.a(sbrk.o)
                                         0x28 (size before relaxing)
 .eh_frame      0x0000000000003230       0x20 c:/msys2/opt/devkitpro/devkita64/bin/../lib/gcc/aarch64-none-elf/9.2.0/../../../../aarch64-none-elf/lib/pic\libsysbase.a(_exit.o)
                                         0x38 (size before relaxing)
 .eh_frame      0x0000000000003250        0x0 c:/msys2/opt/devkitpro/devkita64/bin/../lib/gcc/aarch64-none-elf/9.2.0/../../../../aarch64-none-elf/lib/pic\libsysbase.a(chdir.o)
                                        0x120 (size before relaxing)
 .eh_frame      0x0000000000003250       0x28 c:/msys2/opt/devkitpro/devkita64/bin/../lib/gcc/aarch64-none-elf/9.2.0/../../../../aarch64-none-elf/lib/pic\libsysbase.a(locks.o)
                                        0x178 (size before relaxing)
 .eh_frame      0x0000000000003278        0x0 c:/msys2/opt/devkitpro/devkita64/bin/../lib/gcc/aarch64-none-elf/9.2.0/../../../../aarch64-none-elf/lib/pic\libsysbase.a(getreent.o)
                                         0x28 (size before relaxing)
 .eh_frame      0x0000000000003278        0x0 c:/msys2/opt/devkitpro/devkita64/bin/../lib/gcc/aarch64-none-elf/9.2.0/../../../../aarch64-none-elf/lib/pic\libsysbase.a(clocks.o)
                                         0x78 (size before relaxing)
 .eh_frame      0x0000000000003278        0x4 c:/msys2/opt/devkitpro/devkita64/bin/../lib/gcc/aarch64-none-elf/9.2.0/pic/crtend.o
 *(.eh_frame.*)

.gcc_except_table
 *(.gcc_except_table .gcc_except_table.*)

.gnu_extab
 *(.gnu_extab*)

.dynamic        0x0000000000003280      0x1a0
 *(.dynamic)
 .dynamic       0x0000000000003280      0x1a0 c:/msys2/opt/devkitpro/devkita64/bin/../lib/gcc/aarch64-none-elf/9.2.0/pic/crti.o
                0x0000000000003280                _DYNAMIC

.dynsym         0x0000000000003420      0x2a0
 *(.dynsym)
 .dynsym        0x0000000000003420      0x2a0 c:/msys2/opt/devkitpro/devkita64/bin/../lib/gcc/aarch64-none-elf/9.2.0/pic/crti.o

.dynstr         0x00000000000036c0      0x5e4
 *(.dynstr)
 .dynstr        0x00000000000036c0      0x5e4 c:/msys2/opt/devkitpro/devkita64/bin/../lib/gcc/aarch64-none-elf/9.2.0/pic/crti.o

.rela.dyn       0x0000000000003ca8      0x4c8
 *(.rela.*)
 .rela.got      0x0000000000003ca8      0x3f0 c:/msys2/opt/devkitpro/devkita64/bin/../lib/gcc/aarch64-none-elf/9.2.0/pic/crti.o
 .rela.plt      0x0000000000004128       0x48 c:/msys2/opt/devkitpro/devkita64/bin/../lib/gcc/aarch64-none-elf/9.2.0/pic/crti.o
 .rela.bss      0x00000000000040e0        0x0 c:/msys2/opt/devkitpro/devkita64/bin/../lib/gcc/aarch64-none-elf/9.2.0/pic/crti.o
 .rela.data.rel.ro
                0x00000000000040e0        0x0 c:/msys2/opt/devkitpro/devkita64/bin/../lib/gcc/aarch64-none-elf/9.2.0/pic/crti.o
 .rela.init_array
                0x0000000000004098       0x18 c:/msys2/opt/devkitpro/devkita64/bin/../lib/gcc/aarch64-none-elf/9.2.0/pic/crti.o
 .rela.fini_array
                0x00000000000040b0       0x18 c:/msys2/opt/devkitpro/devkita64/bin/../lib/gcc/aarch64-none-elf/9.2.0/pic/crti.o
 .rela.ifunc    0x0000000000004110        0x0 c:/msys2/opt/devkitpro/devkita64/bin/../lib/gcc/aarch64-none-elf/9.2.0/pic/crti.o
 .rela.data.rel.local.impure_data
                0x00000000000040c8       0x48 c:/msys2/opt/devkitpro/devkita64/bin/../lib/gcc/aarch64-none-elf/9.2.0/pic/crti.o
 .rela.data.rel.ro.local._global_impure_ptr
                0x0000000000004110       0x18 c:/msys2/opt/devkitpro/devkita64/bin/../lib/gcc/aarch64-none-elf/9.2.0/pic/crti.o

.interp         0x0000000000004170        0xd
 *(.interp)
 .interp        0x0000000000004170        0xd c:/msys2/opt/devkitpro/devkita64/bin/../lib/gcc/aarch64-none-elf/9.2.0/pic/crti.o

.hash           0x0000000000004180       0xbc
 *(.hash)
 .hash          0x0000000000004180       0xbc c:/msys2/opt/devkitpro/devkita64/bin/../lib/gcc/aarch64-none-elf/9.2.0/pic/crti.o

.gnu.hash
 *(.gnu.hash)

.gnu.version    0x000000000000423c        0x0
 *(.gnu.version)
 .gnu.version   0x000000000000423c        0x0 c:/msys2/opt/devkitpro/devkita64/bin/../lib/gcc/aarch64-none-elf/9.2.0/pic/crti.o

.gnu.version_d  0x0000000000004240        0x0
 *(.gnu.version_d)
 .gnu.version_d
                0x0000000000004240        0x0 c:/msys2/opt/devkitpro/devkita64/bin/../lib/gcc/aarch64-none-elf/9.2.0/pic/crti.o

.gnu.version_r  0x0000000000004240        0x0
 *(.gnu.version_r)
 .gnu.version_r
                0x0000000000004240        0x0 c:/msys2/opt/devkitpro/devkita64/bin/../lib/gcc/aarch64-none-elf/9.2.0/pic/crti.o

.note.gnu.build-id
                0x000000000000423c       0x24
 *(.note.gnu.build-id)
 .note.gnu.build-id
                0x000000000000423c       0x24 c:/msys2/opt/devkitpro/devkita64/bin/../lib/gcc/aarch64-none-elf/9.2.0/pic/crti.o
                0x0000000000005000                . = ALIGN (0x1000)

.eh_frame
 *(.eh_frame)
 *(.eh_frame.*)

.gcc_except_table
 *(.gcc_except_table .gcc_except_table.*)

.gnu_extab
 *(.gnu_extab*)

.exception_ranges
 *(.exception_ranges .exception_ranges*)

.tdata          0x0000000000005000        0x0
                0x0000000000005000                __tdata_lma = .
 *(.tdata .tdata.* .gnu.linkonce.td.*)
                0x0000000000005000                . = ALIGN (0x8)
                0x0000000000005000                __tdata_lma_end = .

.tbss           0x0000000000005000        0x0
 *(.tbss .tbss.* .gnu.linkonce.tb.*)
 *(.tcommon)
                0x0000000000005000                . = ALIGN (0x8)

.preinit_array  0x0000000000005000        0x0
                0x0000000000005000                PROVIDE (__preinit_array_start = .)
 *(.preinit_array)
                0x0000000000005000                PROVIDE (__preinit_array_end = .)

.init_array     0x0000000000005000        0x8
                0x0000000000005000                PROVIDE (__init_array_start = .)
 *(SORT_BY_NAME(.init_array.*))
 *(.init_array)
 .init_array    0x0000000000005000        0x8 c:/msys2/opt/devkitpro/devkita64/bin/../lib/gcc/aarch64-none-elf/9.2.0/pic/crtbegin.o
                0x0000000000005008                PROVIDE (__init_array_end = .)

.fini_array     0x0000000000005008        0x8
                0x0000000000005008                PROVIDE (__fini_array_start = .)
 *(.fini_array)
 .fini_array    0x0000000000005008        0x8 c:/msys2/opt/devkitpro/devkita64/bin/../lib/gcc/aarch64-none-elf/9.2.0/pic/crtbegin.o
 *(SORT_BY_NAME(.fini_array.*))
                0x0000000000005010                PROVIDE (__fini_array_end = .)

.ctors
 *crtbegin.o(.ctors)
 *(EXCLUDE_FILE(*crtend.o) .ctors)
 *(SORT_BY_NAME(.ctors.*))
 *(.ctors)

.dtors
 *crtbegin.o(.dtors)
 *(EXCLUDE_FILE(*crtend.o) .dtors)
 *(SORT_BY_NAME(.dtors.*))
 *(.dtors)
                0x0000000000005010                __got_start__ = .

.got            0x0000000000005010      0x158
 *(.got)
 .got           0x0000000000005010      0x158 c:/msys2/opt/devkitpro/devkita64/bin/../lib/gcc/aarch64-none-elf/9.2.0/pic/crti.o
                0x0000000000005010                _GLOBAL_OFFSET_TABLE_
 *(.igot)

.got.plt        0x0000000000005168       0x30
 *(.got.plt)
 .got.plt       0x0000000000005168       0x30 c:/msys2/opt/devkitpro/devkita64/bin/../lib/gcc/aarch64-none-elf/9.2.0/pic/crti.o
 *(.igot.plt)
                0x0000000000005198                __got_end__ = .

.data           0x0000000000005198      0x780
 *(.data .data.* .gnu.linkonce.d.*)
 .data.rel.ro   0x0000000000005198        0x0 c:/msys2/opt/devkitpro/devkita64/bin/../lib/gcc/aarch64-none-elf/9.2.0/pic/crti.o
 .data          0x0000000000005198        0x8 main.o
                0x0000000000005198                dumpDebugInfo
                0x000000000000519c                __nx_applet_type
 .data.__nx_exception_stack_size
                0x00000000000051a0        0x8 C:/Users/aehar/Desktop/projects/VSC_Projects/SwiTAS/sysmodule_application/saltynx_motion_plugin/lib/libnx_min/nx/lib\libnx_min.a(init.o)
                0x00000000000051a0                __nx_exception_stack_size
 .data.rel.local.impure_data
                0x00000000000051a8      0x768 c:/msys2/opt/devkitpro/devkita64/bin/../lib/gcc/aarch64-none-elf/9.2.0/../../../../aarch64-none-elf/lib/pic\libg.a(lib_a-impure.o)
 .data.rel.ro.local._global_impure_ptr
                0x0000000000005910        0x8 c:/msys2/opt/devkitpro/devkita64/bin/../lib/gcc/aarch64-none-elf/9.2.0/../../../../aarch64-none-elf/lib/pic\libg.a(lib_a-impure.o)
                0x0000000000005910                _global_impure_ptr
                0x0000000000005918                __bss_start__ = .

.tm_clone_table
                0x0000000000005918        0x0
 .tm_clone_table
                0x0000000000005918        0x0 c:/msys2/opt/devkitpro/devkita64/bin/../lib/gcc/aarch64-none-elf/9.2.0/pic/crtbegin.o
 .tm_clone_table
                0x0000000000005918        0x0 c:/msys2/opt/devkitpro/devkita64/bin/../lib/gcc/aarch64-none-elf/9.2.0/pic/crtend.o

.bss            0x0000000000005918     0x87f0
 *(.dynbss)
 .dynbss        0x0000000000005918        0x0 c:/msys2/opt/devkitpro/devkita64/bin/../lib/gcc/aarch64-none-elf/9.2.0/pic/crti.o
 *(.bss .bss.* .gnu.linkonce.b.*)
 .bss.completed.8111
                0x0000000000005918        0x1 c:/msys2/opt/devkitpro/devkita64/bin/../lib/gcc/aarch64-none-elf/9.2.0/pic/crtbegin.o
 *fill*         0x0000000000005919        0x7 
 .bss.object.8116
                0x0000000000005920       0x30 c:/msys2/opt/devkitpro/devkita64/bin/../lib/gcc/aarch64-none-elf/9.2.0/pic/crtbegin.o
 .bss           0x0000000000005950     0x8018 main.o
                0x0000000000005950                orig_ctx
                0x0000000000005958                orig_main_thread
                0x0000000000005960                orig_saved_lr
 .bss.__nx_exception_ignoredebug
                0x000000000000d968        0x4 C:/Users/aehar/Desktop/projects/VSC_Projects/SwiTAS/sysmodule_application/saltynx_motion_plugin/lib/libnx_min/nx/lib\libnx_min.a(init.o)
                0x000000000000d968                __nx_exception_ignoredebug
 *fill*         0x000000000000d96c        0x4 
 .bss.__nx_exception_stack
                0x000000000000d970      0x400 C:/Users/aehar/Desktop/projects/VSC_Projects/SwiTAS/sysmodule_application/saltynx_motion_plugin/lib/libnx_min/nx/lib\libnx_min.a(init.o)
                0x000000000000d970                __nx_exception_stack
 .bss.g_refCnt  0x000000000000dd70        0x8 C:/Users/aehar/Desktop/projects/VSC_Projects/SwiTAS/sysmodule_application/saltynx_motion_plugin/lib/libnx_min/nx/lib\libnx_min.a(sm.o)
 .bss.g_smSrv   0x000000000000dd78        0xc C:/Users/aehar/Desktop/projects/VSC_Projects/SwiTAS/sysmodule_application/saltynx_motion_plugin/lib/libnx_min/nx/lib\libnx_min.a(sm.o)
 .bss.g_Version
                0x000000000000dd84        0x4 C:/Users/aehar/Desktop/projects/VSC_Projects/SwiTAS/sysmodule_application/saltynx_motion_plugin/lib/libnx_min/nx/lib\libnx_min.a(detect.o)
 .bss.g_VersionCached
                0x000000000000dd88        0x1 C:/Users/aehar/Desktop/projects/VSC_Projects/SwiTAS/sysmodule_application/saltynx_motion_plugin/lib/libnx_min/nx/lib\libnx_min.a(detect.o)
 *fill*         0x000000000000dd89        0x3 
 .bss.g_VersionMutex
                0x000000000000dd8c        0x4 C:/Users/aehar/Desktop/projects/VSC_Projects/SwiTAS/sysmodule_application/saltynx_motion_plugin/lib/libnx_min/nx/lib\libnx_min.a(detect.o)
 .bss.__atexit_recursive_mutex
                0x000000000000dd90        0xc c:/msys2/opt/devkitpro/devkita64/bin/../lib/gcc/aarch64-none-elf/9.2.0/../../../../aarch64-none-elf/lib/pic\libg.a(lib_a-__call_atexit.o)
                0x000000000000dd90                __atexit_recursive_mutex
 *fill*         0x000000000000dd9c        0x4 
 .bss.fake_heap_end
                0x000000000000dda0        0x8 c:/msys2/opt/devkitpro/devkita64/bin/../lib/gcc/aarch64-none-elf/9.2.0/../../../../aarch64-none-elf/lib/pic\libsysbase.a(malloc_vars.o)
                0x000000000000dda0                fake_heap_end
 .bss.fake_heap_start
                0x000000000000dda8        0x8 c:/msys2/opt/devkitpro/devkita64/bin/../lib/gcc/aarch64-none-elf/9.2.0/../../../../aarch64-none-elf/lib/pic\libsysbase.a(malloc_vars.o)
                0x000000000000dda8                fake_heap_start
 *(COMMON)
 COMMON         0x000000000000ddb0        0xc C:/Users/aehar/Desktop/projects/VSC_Projects/SwiTAS/sysmodule_application/saltynx_motion_plugin/lib/libnx_min/nx/lib\libnx_min.a(argv.o)
                0x000000000000ddb0                __system_argv
                0x000000000000ddb8                __system_argc
 *fill*         0x000000000000ddbc        0x4 
 COMMON         0x000000000000ddc0      0x348 C:/Users/aehar/Desktop/projects/VSC_Projects/SwiTAS/sysmodule_application/saltynx_motion_plugin/lib/libnx_min/nx/lib\libnx_min.a(init.o)
                0x000000000000ddc0                __nx_exceptiondump
                0x000000000000e100                __stack_top
                0x000000000000e108                . = ALIGN (0x8)
                0x000000000000e108                __tls_start = .
                0x000000000000e108                . = (. + (SIZEOF (.tdata) + SIZEOF (.tbss)))
                0x000000000000e108                __tls_end = .
                0x000000000000e108                __bss_end__ = .
                0x000000000000e108                __end__ = ABSOLUTE (.)
                0x000000000000f000                . = ALIGN (0x1000)
                0x000000000000f000                __argdata__ = ABSOLUTE (.)

/DISCARD/
 *(.group .comment .note)

.stab
 *(.stab)

.stabstr
 *(.stabstr)

.stab.excl
 *(.stab.excl)

.stab.exclstr
 *(.stab.exclstr)

.stab.index
 *(.stab.index)

.stab.indexstr
 *(.stab.indexstr)

.debug
 *(.debug)

.line
 *(.line)

.debug_srcinfo
 *(.debug_srcinfo)

.debug_sfnames
 *(.debug_sfnames)

.debug_aranges
 *(.debug_aranges)

.debug_pubnames
 *(.debug_pubnames)

.debug_info
 *(.debug_info)

.debug_abbrev
 *(.debug_abbrev)

.debug_line
 *(.debug_line)

.debug_frame
 *(.debug_frame)

.debug_str
 *(.debug_str)

.debug_loc
 *(.debug_loc)

.debug_macinfo
 *(.debug_macinfo)
LOAD c:/msys2/opt/devkitpro/devkita64/bin/../lib/gcc/aarch64-none-elf/9.2.0/pic/crti.o
LOAD c:/msys2/opt/devkitpro/devkita64/bin/../lib/gcc/aarch64-none-elf/9.2.0/pic/crtbegin.o
LOAD main.o
LOAD C:/Users/aehar/Desktop/projects/VSC_Projects/SwiTAS/sysmodule_application/saltynx_motion_plugin/lib/libnx_min/nx/lib\libnx_min.a
LOAD c:/msys2/opt/devkitpro/devkita64/bin/../lib/gcc/aarch64-none-elf/9.2.0/../../../../aarch64-none-elf/lib/pic\libstdc++.a
LOAD c:/msys2/opt/devkitpro/devkita64/bin/../lib/gcc/aarch64-none-elf/9.2.0/../../../../aarch64-none-elf/lib/pic\libm.a
START GROUP
LOAD c:/msys2/opt/devkitpro/devkita64/bin/../lib/gcc/aarch64-none-elf/9.2.0/pic\libgcc.a
LOAD c:/msys2/opt/devkitpro/devkita64/bin/../lib/gcc/aarch64-none-elf/9.2.0/../../../../aarch64-none-elf/lib/pic\libg.a
LOAD c:/msys2/opt/devkitpro/devkita64/bin/../lib/gcc/aarch64-none-elf/9.2.0/../../../../aarch64-none-elf/lib/pic\libc.a
LOAD c:/msys2/opt/devkitpro/devkita64/bin/../lib/gcc/aarch64-none-elf/9.2.0/../../../../aarch64-none-elf/lib/pic\libsysbase.a
END GROUP
LOAD c:/msys2/opt/devkitpro/devkita64/bin/../lib/gcc/aarch64-none-elf/9.2.0/pic/crtend.o
LOAD c:/msys2/opt/devkitpro/devkita64/bin/../lib/gcc/aarch64-none-elf/9.2.0/pic/crtn.o
OUTPUT(C:/Users/aehar/Desktop/projects/VSC_Projects/SwiTAS/sysmodule_application/saltynx_motion_plugin/SwiTAS_MotionPlugin.elf elf64-littleaarch64)
